
> kdp-algoritmai@1.0.0 start /Users/srv/Git/KDP-Algoritmai
> pnpm build && cd dist && node --max-old-space-size=12288 vrp.es.mjs


> kdp-algoritmai@1.0.0 build /Users/srv/Git/KDP-Algoritmai
> vite build

vite v7.2.0 building client environment for production...
transforming...
✓ 33 modules transformed.
rendering chunks...

[vite:dts] Start generate declaration files...
computing gzip size...
dist/index-xgqlYWm2.mjs                            0.88 kB │ gzip:  0.45 kB │ map:   4.31 kB
dist/tuneCea.es.mjs                                2.78 kB │ gzip:  1.27 kB │ map:   9.23 kB
dist/tunePsa.es.mjs                                2.98 kB │ gzip:  1.31 kB │ map:   9.85 kB
dist/vrp.es.mjs                                   10.74 kB │ gzip:  3.51 kB │ map:  37.46 kB
dist/greatCircleDistanceCalculator-B1xbCdPL.mjs  151.77 kB │ gzip: 40.28 kB │ map: 433.23 kB
[vite:dts] Declaration files built in 358ms.

[vite-plugin-static-copy] Copied 1 items.
✓ built in 528ms
Skipping algorithms: brute-force-rust, lb-direct, lb-lp, milp-rust, or-tools-cp-sat, or-tools-routing, p-sa-rust

========================================
Starting benchmark for: cea-rust
========================================
Processing problems/50_200/9_1778535813465.json
[cea] wall-time cap hit after 3 generations (conv_count=300 not reached)
[cea] wall-time cap hit after 3 generations (conv_count=300 not reached)
[cea] wall-time cap hit after 3 generations (conv_count=300 not reached)
[cea] wall-time cap hit after 3 generations (conv_count=300 not reached)
[cea] wall-time cap hit after 3 generations (conv_count=300 not reached)
[cea] wall-time cap hit after 6 generations (conv_count=300 not reached)
[cea] wall-time cap hit after 6 generations (conv_count=300 not reached)
[cea] wall-time cap hit after 6 generations (conv_count=300 not reached)
[cea] wall-time cap hit after 6 generations (conv_count=300 not reached)
[cea] wall-time cap hit after 6 generations (conv_count=300 not reached)
[cea] wall-time cap hit after 4 generations (conv_count=300 not reached)
[cea] wall-time cap hit after 4 generations (conv_count=300 not reached)
[cea] wall-time cap hit after 4 generations (conv_count=300 not reached)
[cea] wall-time cap hit after 4 generations (conv_count=300 not reached)
[cea] wall-time cap hit after 4 generations (conv_count=300 not reached)
Processing problems/50_200/8_1778535813465.json
[cea] wall-time cap hit after 4 generations (conv_count=300 not reached)
[cea] wall-time cap hit after 4 generations (conv_count=300 not reached)
[cea] wall-time cap hit after 4 generations (conv_count=300 not reached)
[cea] wall-time cap hit after 3 generations (conv_count=300 not reached)
[cea] wall-time cap hit after 4 generations (conv_count=300 not reached)
[cea] wall-time cap hit after 6 generations (conv_count=300 not reached)
[cea] wall-time cap hit after 5 generations (conv_count=300 not reached)
[cea] wall-time cap hit after 6 generations (conv_count=300 not reached)
[cea] wall-time cap hit after 6 generations (conv_count=300 not reached)
[cea] wall-time cap hit after 6 generations (conv_count=300 not reached)
[cea] wall-time cap hit after 5 generations (conv_count=300 not reached)
[cea] wall-time cap hit after 4 generations (conv_count=300 not reached)
[cea] wall-time cap hit after 4 generations (conv_count=300 not reached)
[cea] wall-time cap hit after 4 generations (conv_count=300 not reached)
[cea] wall-time cap hit after 4 generations (conv_count=300 not reached)
Processing problems/50_200/7_1778535813465.json
[cea] wall-time cap hit after 4 generations (conv_count=300 not reached)
[cea] wall-time cap hit after 4 generations (conv_count=300 not reached)
[cea] wall-time cap hit after 4 generations (conv_count=300 not reached)
[cea] wall-time cap hit after 4 generations (conv_count=300 not reached)
[cea] wall-time cap hit after 3 generations (conv_count=300 not reached)
[cea] wall-time cap hit after 6 generations (conv_count=300 not reached)
[cea] wall-time cap hit after 5 generations (conv_count=300 not reached)
[cea] wall-time cap hit after 5 generations (conv_count=300 not reached)
[cea] wall-time cap hit after 6 generations (conv_count=300 not reached)
[cea] wall-time cap hit after 5 generations (conv_count=300 not reached)
[cea] wall-time cap hit after 5 generations (conv_count=300 not reached)
[cea] wall-time cap hit after 4 generations (conv_count=300 not reached)
[cea] wall-time cap hit after 4 generations (conv_count=300 not reached)
[cea] wall-time cap hit after 4 generations (conv_count=300 not reached)
[cea] wall-time cap hit after 4 generations (conv_count=300 not reached)
Processing problems/50_200/6_1778535813465.json
[cea] wall-time cap hit after 4 generations (conv_count=300 not reached)
[cea] wall-time cap hit after 4 generations (conv_count=300 not reached)
[cea] wall-time cap hit after 4 generations (conv_count=300 not reached)
[cea] wall-time cap hit after 4 generations (conv_count=300 not reached)
[cea] wall-time cap hit after 4 generations (conv_count=300 not reached)
[cea] wall-time cap hit after 5 generations (conv_count=300 not reached)
[cea] wall-time cap hit after 5 generations (conv_count=300 not reached)
[cea] wall-time cap hit after 6 generations (conv_count=300 not reached)
[cea] wall-time cap hit after 5 generations (conv_count=300 not reached)
[cea] wall-time cap hit after 6 generations (conv_count=300 not reached)
[cea] wall-time cap hit after 5 generations (conv_count=300 not reached)
[cea] wall-time cap hit after 4 generations (conv_count=300 not reached)
[cea] wall-time cap hit after 4 generations (conv_count=300 not reached)
[cea] wall-time cap hit after 4 generations (conv_count=300 not reached)
[cea] wall-time cap hit after 4 generations (conv_count=300 not reached)
Processing problems/50_200/5_1778535813465.json
[cea] wall-time cap hit after 4 generations (conv_count=300 not reached)
[cea] wall-time cap hit after 4 generations (conv_count=300 not reached)
[cea] wall-time cap hit after 3 generations (conv_count=300 not reached)
[cea] wall-time cap hit after 3 generations (conv_count=300 not reached)
[cea] wall-time cap hit after 3 generations (conv_count=300 not reached)
[cea] wall-time cap hit after 5 generations (conv_count=300 not reached)
[cea] wall-time cap hit after 5 generations (conv_count=300 not reached)
[cea] wall-time cap hit after 5 generations (conv_count=300 not reached)
[cea] wall-time cap hit after 5 generations (conv_count=300 not reached)
[cea] wall-time cap hit after 5 generations (conv_count=300 not reached)
[cea] wall-time cap hit after 4 generations (conv_count=300 not reached)
[cea] wall-time cap hit after 4 generations (conv_count=300 not reached)
[cea] wall-time cap hit after 4 generations (conv_count=300 not reached)
[cea] wall-time cap hit after 4 generations (conv_count=300 not reached)
[cea] wall-time cap hit after 4 generations (conv_count=300 not reached)
Processing problems/50_200/4_1778535813465.json
[cea] wall-time cap hit after 4 generations (conv_count=300 not reached)
[cea] wall-time cap hit after 5 generations (conv_count=300 not reached)
[cea] wall-time cap hit after 4 generations (conv_count=300 not reached)
[cea] wall-time cap hit after 5 generations (conv_count=300 not reached)
[cea] wall-time cap hit after 4 generations (conv_count=300 not reached)
[cea] wall-time cap hit after 6 generations (conv_count=300 not reached)
[cea] wall-time cap hit after 6 generations (conv_count=300 not reached)
[cea] wall-time cap hit after 6 generations (conv_count=300 not reached)
[cea] wall-time cap hit after 6 generations (conv_count=300 not reached)
[cea] wall-time cap hit after 6 generations (conv_count=300 not reached)
[cea] wall-time cap hit after 5 generations (conv_count=300 not reached)
[cea] wall-time cap hit after 5 generations (conv_count=300 not reached)
[cea] wall-time cap hit after 5 generations (conv_count=300 not reached)
[cea] wall-time cap hit after 5 generations (conv_count=300 not reached)
[cea] wall-time cap hit after 5 generations (conv_count=300 not reached)
Processing problems/50_200/3_1778535813465.json
[cea] wall-time cap hit after 4 generations (conv_count=300 not reached)
[cea] wall-time cap hit after 4 generations (conv_count=300 not reached)
[cea] wall-time cap hit after 4 generations (conv_count=300 not reached)
[cea] wall-time cap hit after 4 generations (conv_count=300 not reached)
[cea] wall-time cap hit after 4 generations (conv_count=300 not reached)
[cea] wall-time cap hit after 6 generations (conv_count=300 not reached)
[cea] wall-time cap hit after 5 generations (conv_count=300 not reached)
[cea] wall-time cap hit after 6 generations (conv_count=300 not reached)
[cea] wall-time cap hit after 6 generations (conv_count=300 not reached)
[cea] wall-time cap hit after 5 generations (conv_count=300 not reached)
[cea] wall-time cap hit after 4 generations (conv_count=300 not reached)
[cea] wall-time cap hit after 4 generations (conv_count=300 not reached)
[cea] wall-time cap hit after 5 generations (conv_count=300 not reached)
[cea] wall-time cap hit after 5 generations (conv_count=300 not reached)
[cea] wall-time cap hit after 5 generations (conv_count=300 not reached)
Processing problems/50_200/2_1778535813465.json
[cea] wall-time cap hit after 4 generations (conv_count=300 not reached)
[cea] wall-time cap hit after 4 generations (conv_count=300 not reached)
[cea] wall-time cap hit after 4 generations (conv_count=300 not reached)
[cea] wall-time cap hit after 4 generations (conv_count=300 not reached)
[cea] wall-time cap hit after 4 generations (conv_count=300 not reached)
[cea] wall-time cap hit after 6 generations (conv_count=300 not reached)
[cea] wall-time cap hit after 7 generations (conv_count=300 not reached)
[cea] wall-time cap hit after 6 generations (conv_count=300 not reached)
[cea] wall-time cap hit after 6 generations (conv_count=300 not reached)
[cea] wall-time cap hit after 6 generations (conv_count=300 not reached)
[cea] wall-time cap hit after 5 generations (conv_count=300 not reached)
[cea] wall-time cap hit after 5 generations (conv_count=300 not reached)
[cea] wall-time cap hit after 5 generations (conv_count=300 not reached)
[cea] wall-time cap hit after 5 generations (conv_count=300 not reached)
[cea] wall-time cap hit after 4 generations (conv_count=300 not reached)
Processing problems/50_200/1_1778535813465.json
[cea] wall-time cap hit after 4 generations (conv_count=300 not reached)
[cea] wall-time cap hit after 4 generations (conv_count=300 not reached)
[cea] wall-time cap hit after 4 generations (conv_count=300 not reached)
[cea] wall-time cap hit after 4 generations (conv_count=300 not reached)
[cea] wall-time cap hit after 4 generations (conv_count=300 not reached)
[cea] wall-time cap hit after 6 generations (conv_count=300 not reached)
[cea] wall-time cap hit after 6 generations (conv_count=300 not reached)
[cea] wall-time cap hit after 6 generations (conv_count=300 not reached)
[cea] wall-time cap hit after 6 generations (conv_count=300 not reached)
[cea] wall-time cap hit after 6 generations (conv_count=300 not reached)
[cea] wall-time cap hit after 5 generations (conv_count=300 not reached)
[cea] wall-time cap hit after 5 generations (conv_count=300 not reached)
[cea] wall-time cap hit after 5 generations (conv_count=300 not reached)
[cea] wall-time cap hit after 5 generations (conv_count=300 not reached)
[cea] wall-time cap hit after 5 generations (conv_count=300 not reached)
Processing problems/50_200/19_1778535813465.json
[cea] wall-time cap hit after 4 generations (conv_count=300 not reached)
[cea] wall-time cap hit after 4 generations (conv_count=300 not reached)
[cea] wall-time cap hit after 4 generations (conv_count=300 not reached)
[cea] wall-time cap hit after 4 generations (conv_count=300 not reached)
[cea] wall-time cap hit after 4 generations (conv_count=300 not reached)
[cea] wall-time cap hit after 5 generations (conv_count=300 not reached)
[cea] wall-time cap hit after 5 generations (conv_count=300 not reached)
[cea] wall-time cap hit after 6 generations (conv_count=300 not reached)
[cea] wall-time cap hit after 6 generations (conv_count=300 not reached)
[cea] wall-time cap hit after 5 generations (conv_count=300 not reached)
[cea] wall-time cap hit after 4 generations (conv_count=300 not reached)
[cea] wall-time cap hit after 5 generations (conv_count=300 not reached)
[cea] wall-time cap hit after 5 generations (conv_count=300 not reached)
[cea] wall-time cap hit after 4 generations (conv_count=300 not reached)
[cea] wall-time cap hit after 5 generations (conv_count=300 not reached)
Processing problems/50_200/18_1778535813465.json
[cea] wall-time cap hit after 5 generations (conv_count=300 not reached)
[cea] wall-time cap hit after 4 generations (conv_count=300 not reached)
[cea] wall-time cap hit after 4 generations (conv_count=300 not reached)
[cea] wall-time cap hit after 5 generations (conv_count=300 not reached)
[cea] wall-time cap hit after 4 generations (conv_count=300 not reached)
[cea] wall-time cap hit after 6 generations (conv_count=300 not reached)
[cea] wall-time cap hit after 6 generations (conv_count=300 not reached)
[cea] wall-time cap hit after 6 generations (conv_count=300 not reached)
[cea] wall-time cap hit after 6 generations (conv_count=300 not reached)
[cea] wall-time cap hit after 6 generations (conv_count=300 not reached)
[cea] wall-time cap hit after 5 generations (conv_count=300 not reached)
[cea] wall-time cap hit after 5 generations (conv_count=300 not reached)
[cea] wall-time cap hit after 4 generations (conv_count=300 not reached)
[cea] wall-time cap hit after 4 generations (conv_count=300 not reached)
[cea] wall-time cap hit after 5 generations (conv_count=300 not reached)
Processing problems/50_200/17_1778535813465.json
[cea] wall-time cap hit after 5 generations (conv_count=300 not reached)
[cea] wall-time cap hit after 4 generations (conv_count=300 not reached)
[cea] wall-time cap hit after 4 generations (conv_count=300 not reached)
[cea] wall-time cap hit after 4 generations (conv_count=300 not reached)
[cea] wall-time cap hit after 4 generations (conv_count=300 not reached)
[cea] wall-time cap hit after 6 generations (conv_count=300 not reached)
[cea] wall-time cap hit after 6 generations (conv_count=300 not reached)
[cea] wall-time cap hit after 6 generations (conv_count=300 not reached)
[cea] wall-time cap hit after 5 generations (conv_count=300 not reached)
[cea] wall-time cap hit after 5 generations (conv_count=300 not reached)
[cea] wall-time cap hit after 4 generations (conv_count=300 not reached)
[cea] wall-time cap hit after 5 generations (conv_count=300 not reached)
[cea] wall-time cap hit after 4 generations (conv_count=300 not reached)
[cea] wall-time cap hit after 5 generations (conv_count=300 not reached)
[cea] wall-time cap hit after 4 generations (conv_count=300 not reached)
Processing problems/50_200/16_1778535813465.json
[cea] wall-time cap hit after 3 generations (conv_count=300 not reached)
[cea] wall-time cap hit after 4 generations (conv_count=300 not reached)
[cea] wall-time cap hit after 4 generations (conv_count=300 not reached)
[cea] wall-time cap hit after 3 generations (conv_count=300 not reached)
[cea] wall-time cap hit after 4 generations (conv_count=300 not reached)
[cea] wall-time cap hit after 6 generations (conv_count=300 not reached)
[cea] wall-time cap hit after 6 generations (conv_count=300 not reached)
[cea] wall-time cap hit after 6 generations (conv_count=300 not reached)
[cea] wall-time cap hit after 6 generations (conv_count=300 not reached)
[cea] wall-time cap hit after 6 generations (conv_count=300 not reached)
[cea] wall-time cap hit after 4 generations (conv_count=300 not reached)
[cea] wall-time cap hit after 4 generations (conv_count=300 not reached)
[cea] wall-time cap hit after 5 generations (conv_count=300 not reached)
[cea] wall-time cap hit after 4 generations (conv_count=300 not reached)
[cea] wall-time cap hit after 4 generations (conv_count=300 not reached)
Processing problems/50_200/15_1778535813465.json
[cea] wall-time cap hit after 4 generations (conv_count=300 not reached)
[cea] wall-time cap hit after 4 generations (conv_count=300 not reached)
[cea] wall-time cap hit after 4 generations (conv_count=300 not reached)
[cea] wall-time cap hit after 4 generations (conv_count=300 not reached)
[cea] wall-time cap hit after 4 generations (conv_count=300 not reached)
[cea] wall-time cap hit after 6 generations (conv_count=300 not reached)
[cea] wall-time cap hit after 6 generations (conv_count=300 not reached)
[cea] wall-time cap hit after 5 generations (conv_count=300 not reached)
[cea] wall-time cap hit after 6 generations (conv_count=300 not reached)
[cea] wall-time cap hit after 6 generations (conv_count=300 not reached)
[cea] wall-time cap hit after 4 generations (conv_count=300 not reached)
[cea] wall-time cap hit after 4 generations (conv_count=300 not reached)
[cea] wall-time cap hit after 4 generations (conv_count=300 not reached)
[cea] wall-time cap hit after 4 generations (conv_count=300 not reached)
[cea] wall-time cap hit after 4 generations (conv_count=300 not reached)
Processing problems/50_200/14_1778535813465.json
[cea] wall-time cap hit after 4 generations (conv_count=300 not reached)
[cea] wall-time cap hit after 3 generations (conv_count=300 not reached)
[cea] wall-time cap hit after 4 generations (conv_count=300 not reached)
[cea] wall-time cap hit after 4 generations (conv_count=300 not reached)
[cea] wall-time cap hit after 4 generations (conv_count=300 not reached)
[cea] wall-time cap hit after 5 generations (conv_count=300 not reached)
[cea] wall-time cap hit after 5 generations (conv_count=300 not reached)
[cea] wall-time cap hit after 5 generations (conv_count=300 not reached)
[cea] wall-time cap hit after 6 generations (conv_count=300 not reached)
[cea] wall-time cap hit after 5 generations (conv_count=300 not reached)
[cea] wall-time cap hit after 5 generations (conv_count=300 not reached)
[cea] wall-time cap hit after 5 generations (conv_count=300 not reached)
[cea] wall-time cap hit after 4 generations (conv_count=300 not reached)
[cea] wall-time cap hit after 5 generations (conv_count=300 not reached)
[cea] wall-time cap hit after 4 generations (conv_count=300 not reached)
Processing problems/50_200/13_1778535813465.json
[cea] wall-time cap hit after 4 generations (conv_count=300 not reached)
[cea] wall-time cap hit after 4 generations (conv_count=300 not reached)
[cea] wall-time cap hit after 3 generations (conv_count=300 not reached)
[cea] wall-time cap hit after 4 generations (conv_count=300 not reached)
[cea] wall-time cap hit after 4 generations (conv_count=300 not reached)
[cea] wall-time cap hit after 6 generations (conv_count=300 not reached)
[cea] wall-time cap hit after 6 generations (conv_count=300 not reached)
[cea] wall-time cap hit after 6 generations (conv_count=300 not reached)
[cea] wall-time cap hit after 5 generations (conv_count=300 not reached)
[cea] wall-time cap hit after 6 generations (conv_count=300 not reached)
[cea] wall-time cap hit after 4 generations (conv_count=300 not reached)
[cea] wall-time cap hit after 4 generations (conv_count=300 not reached)
[cea] wall-time cap hit after 4 generations (conv_count=300 not reached)
[cea] wall-time cap hit after 4 generations (conv_count=300 not reached)
[cea] wall-time cap hit after 4 generations (conv_count=300 not reached)
Processing problems/50_200/12_1778535813465.json
[cea] wall-time cap hit after 4 generations (conv_count=300 not reached)
[cea] wall-time cap hit after 4 generations (conv_count=300 not reached)
[cea] wall-time cap hit after 4 generations (conv_count=300 not reached)
[cea] wall-time cap hit after 4 generations (conv_count=300 not reached)
[cea] wall-time cap hit after 4 generations (conv_count=300 not reached)
[cea] wall-time cap hit after 6 generations (conv_count=300 not reached)
[cea] wall-time cap hit after 6 generations (conv_count=300 not reached)
[cea] wall-time cap hit after 6 generations (conv_count=300 not reached)
[cea] wall-time cap hit after 6 generations (conv_count=300 not reached)
[cea] wall-time cap hit after 6 generations (conv_count=300 not reached)
[cea] wall-time cap hit after 4 generations (conv_count=300 not reached)
[cea] wall-time cap hit after 5 generations (conv_count=300 not reached)
[cea] wall-time cap hit after 4 generations (conv_count=300 not reached)
[cea] wall-time cap hit after 4 generations (conv_count=300 not reached)
[cea] wall-time cap hit after 5 generations (conv_count=300 not reached)
Processing problems/50_200/11_1778535813465.json
[cea] wall-time cap hit after 4 generations (conv_count=300 not reached)
[cea] wall-time cap hit after 4 generations (conv_count=300 not reached)
[cea] wall-time cap hit after 4 generations (conv_count=300 not reached)
[cea] wall-time cap hit after 4 generations (conv_count=300 not reached)
[cea] wall-time cap hit after 4 generations (conv_count=300 not reached)
[cea] wall-time cap hit after 6 generations (conv_count=300 not reached)
[cea] wall-time cap hit after 6 generations (conv_count=300 not reached)
[cea] wall-time cap hit after 5 generations (conv_count=300 not reached)
[cea] wall-time cap hit after 6 generations (conv_count=300 not reached)
[cea] wall-time cap hit after 6 generations (conv_count=300 not reached)
[cea] wall-time cap hit after 4 generations (conv_count=300 not reached)
[cea] wall-time cap hit after 5 generations (conv_count=300 not reached)
[cea] wall-time cap hit after 5 generations (conv_count=300 not reached)
[cea] wall-time cap hit after 4 generations (conv_count=300 not reached)
[cea] wall-time cap hit after 4 generations (conv_count=300 not reached)
Processing problems/50_200/10_1778535813465.json
[cea] wall-time cap hit after 5 generations (conv_count=300 not reached)
[cea] wall-time cap hit after 5 generations (conv_count=300 not reached)
[cea] wall-time cap hit after 4 generations (conv_count=300 not reached)
[cea] wall-time cap hit after 5 generations (conv_count=300 not reached)
[cea] wall-time cap hit after 5 generations (conv_count=300 not reached)
[cea] wall-time cap hit after 6 generations (conv_count=300 not reached)
[cea] wall-time cap hit after 6 generations (conv_count=300 not reached)
[cea] wall-time cap hit after 6 generations (conv_count=300 not reached)
[cea] wall-time cap hit after 6 generations (conv_count=300 not reached)
[cea] wall-time cap hit after 6 generations (conv_count=300 not reached)
[cea] wall-time cap hit after 4 generations (conv_count=300 not reached)
[cea] wall-time cap hit after 4 generations (conv_count=300 not reached)
[cea] wall-time cap hit after 4 generations (conv_count=300 not reached)
[cea] wall-time cap hit after 4 generations (conv_count=300 not reached)
[cea] wall-time cap hit after 4 generations (conv_count=300 not reached)
Processing problems/50_200/0_1778535813465.json
[cea] wall-time cap hit after 4 generations (conv_count=300 not reached)
[cea] wall-time cap hit after 4 generations (conv_count=300 not reached)
[cea] wall-time cap hit after 4 generations (conv_count=300 not reached)
[cea] wall-time cap hit after 4 generations (conv_count=300 not reached)
[cea] wall-time cap hit after 4 generations (conv_count=300 not reached)
[cea] wall-time cap hit after 6 generations (conv_count=300 not reached)
[cea] wall-time cap hit after 6 generations (conv_count=300 not reached)
[cea] wall-time cap hit after 6 generations (conv_count=300 not reached)
[cea] wall-time cap hit after 5 generations (conv_count=300 not reached)
[cea] wall-time cap hit after 6 generations (conv_count=300 not reached)
[cea] wall-time cap hit after 5 generations (conv_count=300 not reached)
[cea] wall-time cap hit after 4 generations (conv_count=300 not reached)
[cea] wall-time cap hit after 4 generations (conv_count=300 not reached)
[cea] wall-time cap hit after 4 generations (conv_count=300 not reached)
[cea] wall-time cap hit after 4 generations (conv_count=300 not reached)
Saved 300 records to benchmark-results-cea-rust.json
