[MILP-long] Starting MILP-only sweep at 600s/problem on: 20_50 30_100

[MILP-long] ===== 20_50  (MILP_TIMEOUT_MS=600000) =====
[MILP-long] problems/ now contains only: 20_50

> kdp-algoritmai@1.0.0 start /Users/srv/Git/KDP-Algoritmai
> pnpm build && cd dist && node --max-old-space-size=12288 vrp.es.mjs


> kdp-algoritmai@1.0.0 build /Users/srv/Git/KDP-Algoritmai
> vite build

vite v7.2.0 building client environment for production...
transforming...
✓ 33 modules transformed.
rendering chunks...

[vite:dts] Start generate declaration files...
computing gzip size...
dist/index-xgqlYWm2.mjs                            0.88 kB │ gzip:  0.45 kB │ map:   4.31 kB
dist/tuneCea.es.mjs                                2.78 kB │ gzip:  1.27 kB │ map:   9.23 kB
dist/tunePsa.es.mjs                                2.98 kB │ gzip:  1.31 kB │ map:   9.85 kB
dist/vrp.es.mjs                                   10.74 kB │ gzip:  3.51 kB │ map:  37.46 kB
dist/greatCircleDistanceCalculator-B1xbCdPL.mjs  151.77 kB │ gzip: 40.28 kB │ map: 433.23 kB
[vite:dts] Declaration files built in 355ms.

[vite-plugin-static-copy] Copied 1 items.
✓ built in 531ms
Skipping algorithms: brute-force-rust, lb-direct, lb-lp, or-tools-cp-sat, or-tools-routing, p-sa-rust, cea-rust

========================================
Starting benchmark for: milp-rust
========================================
Processing problems/20_50/9_1778535813465.json
milp-rust: timed out on 20v×50o target=DISTANCE after 600000ms — recording best primal incumbent
milp-rust: timed out on 20v×50o target=PRICE after 600000ms — recording best primal incumbent
Processing problems/20_50/8_1778535813465.json
milp-rust: timed out on 20v×50o target=DISTANCE after 600000ms — recording best primal incumbent
milp-rust: timed out on 20v×50o target=PRICE after 600000ms — recording best primal incumbent
Processing problems/20_50/7_1778535813465.json
milp-rust: timed out on 20v×50o target=DISTANCE after 600000ms — recording best primal incumbent
milp-rust: timed out on 20v×50o target=PRICE after 600000ms — recording best primal incumbent
Processing problems/20_50/6_1778535813465.json
milp-rust: timed out on 20v×50o target=DISTANCE after 600000ms — recording best primal incumbent
milp-rust: timed out on 20v×50o target=PRICE after 600000ms — recording best primal incumbent
Processing problems/20_50/5_1778535813465.json
milp-rust: timed out on 20v×50o target=DISTANCE after 600000ms — recording best primal incumbent
milp-rust: timed out on 20v×50o target=PRICE after 600000ms — recording best primal incumbent
Processing problems/20_50/4_1778535813465.json
milp-rust: timed out on 20v×50o target=DISTANCE after 600000ms — recording best primal incumbent
milp-rust: timed out on 20v×50o target=PRICE after 600000ms — recording best primal incumbent
Processing problems/20_50/3_1778535813465.json
milp-rust: timed out on 20v×50o target=DISTANCE after 600000ms — recording best primal incumbent
milp-rust: timed out on 20v×50o target=PRICE after 600000ms — recording best primal incumbent
Processing problems/20_50/2_1778535813465.json
milp-rust: timed out on 20v×50o target=DISTANCE after 600000ms — recording best primal incumbent
milp-rust: timed out on 20v×50o target=PRICE after 600000ms — recording best primal incumbent
Processing problems/20_50/1_1778535813465.json
milp-rust: timed out on 20v×50o target=DISTANCE after 600000ms — recording best primal incumbent
milp-rust: timed out on 20v×50o target=PRICE after 600000ms — recording best primal incumbent
Processing problems/20_50/19_1778535813465.json
milp-rust: timed out on 20v×50o target=DISTANCE after 600000ms — recording best primal incumbent
milp-rust: timed out on 20v×50o target=PRICE after 600000ms — recording best primal incumbent
Processing problems/20_50/18_1778535813465.json
milp-rust: timed out on 20v×50o target=DISTANCE after 600000ms — recording best primal incumbent
milp-rust: timed out on 20v×50o target=PRICE after 600000ms — recording best primal incumbent
Processing problems/20_50/17_1778535813465.json
milp-rust: timed out on 20v×50o target=DISTANCE after 600000ms — recording best primal incumbent
milp-rust: timed out on 20v×50o target=PRICE after 600000ms — recording best primal incumbent
Processing problems/20_50/16_1778535813465.json
milp-rust: timed out on 20v×50o target=DISTANCE after 600000ms — recording best primal incumbent
milp-rust: timed out on 20v×50o target=PRICE after 600000ms — recording best primal incumbent
Processing problems/20_50/15_1778535813465.json
milp-rust: timed out on 20v×50o target=DISTANCE after 600000ms — recording best primal incumbent
milp-rust: timed out on 20v×50o target=PRICE after 600000ms — recording best primal incumbent
Processing problems/20_50/14_1778535813465.json
milp-rust: timed out on 20v×50o target=DISTANCE after 600000ms — recording best primal incumbent
milp-rust: timed out on 20v×50o target=PRICE after 600000ms — recording best primal incumbent
Processing problems/20_50/13_1778535813465.json
milp-rust: timed out on 20v×50o target=DISTANCE after 600000ms — recording best primal incumbent
milp-rust: timed out on 20v×50o target=PRICE after 600000ms — recording best primal incumbent
Processing problems/20_50/12_1778535813465.json
milp-rust: timed out on 20v×50o target=DISTANCE after 600000ms — recording best primal incumbent
milp-rust: timed out on 20v×50o target=PRICE after 600000ms — recording best primal incumbent
Processing problems/20_50/11_1778535813465.json
milp-rust: timed out on 20v×50o target=DISTANCE after 600000ms — recording best primal incumbent
milp-rust: timed out on 20v×50o target=PRICE after 600000ms — recording best primal incumbent
Processing problems/20_50/10_1778535813465.json
milp-rust: timed out on 20v×50o target=DISTANCE after 600000ms — recording best primal incumbent
milp-rust: timed out on 20v×50o target=PRICE after 600000ms — recording best primal incumbent
Processing problems/20_50/0_1778535813465.json
milp-rust: timed out on 20v×50o target=DISTANCE after 600000ms — recording best primal incumbent
milp-rust: timed out on 20v×50o target=PRICE after 600000ms — recording best primal incumbent
Saved 60 records to benchmark-results-milp-rust.json
[MILP-long] 20_50 result saved to /Users/srv/Git/KDP-Algoritmai/results/R05-20_50/benchmark-results-milp-rust.t600s.json
[MILP-long] All classes restored.

[MILP-long] ===== 30_100  (MILP_TIMEOUT_MS=600000) =====
[MILP-long] problems/ now contains only: 30_100

> kdp-algoritmai@1.0.0 start /Users/srv/Git/KDP-Algoritmai
> pnpm build && cd dist && node --max-old-space-size=12288 vrp.es.mjs


> kdp-algoritmai@1.0.0 build /Users/srv/Git/KDP-Algoritmai
> vite build

vite v7.2.0 building client environment for production...
transforming...
✓ 33 modules transformed.
rendering chunks...

[vite:dts] Start generate declaration files...
computing gzip size...
dist/index-xgqlYWm2.mjs                            0.88 kB │ gzip:  0.45 kB │ map:   4.31 kB
dist/tuneCea.es.mjs                                2.78 kB │ gzip:  1.27 kB │ map:   9.23 kB
dist/tunePsa.es.mjs                                2.98 kB │ gzip:  1.31 kB │ map:   9.85 kB
dist/vrp.es.mjs                                   10.74 kB │ gzip:  3.51 kB │ map:  37.46 kB
dist/greatCircleDistanceCalculator-B1xbCdPL.mjs  151.77 kB │ gzip: 40.28 kB │ map: 433.23 kB
[vite:dts] Declaration files built in 341ms.

[vite-plugin-static-copy] Copied 1 items.
✓ built in 521ms
Skipping algorithms: brute-force-rust, lb-direct, lb-lp, or-tools-cp-sat, or-tools-routing, p-sa-rust, cea-rust

========================================
Starting benchmark for: milp-rust
========================================
Processing problems/30_100/9_1778535813465.json
milp-rust: timed out on 30v×100o target=DISTANCE after 600000ms — recording best primal incumbent
milp-rust: timed out on 30v×100o target=PRICE after 600000ms — recording best primal incumbent
Processing problems/30_100/8_1778535813465.json
milp-rust: timed out on 30v×100o target=DISTANCE after 600000ms — recording best primal incumbent
milp-rust: timed out on 30v×100o target=PRICE after 600000ms — recording best primal incumbent
Processing problems/30_100/7_1778535813465.json
milp-rust: timed out on 30v×100o target=DISTANCE after 600000ms — recording best primal incumbent
milp-rust: timed out on 30v×100o target=PRICE after 600000ms — recording best primal incumbent
Processing problems/30_100/6_1778535813465.json
milp-rust: timed out on 30v×100o target=DISTANCE after 600000ms — recording best primal incumbent
milp-rust: timed out on 30v×100o target=PRICE after 600000ms — recording best primal incumbent
Processing problems/30_100/5_1778535813465.json
milp-rust: timed out on 30v×100o target=DISTANCE after 600000ms — recording best primal incumbent
milp-rust: timed out on 30v×100o target=PRICE after 600000ms — recording best primal incumbent
Processing problems/30_100/4_1778535813465.json
milp-rust: timed out on 30v×100o target=DISTANCE after 600000ms — recording best primal incumbent
milp-rust: timed out on 30v×100o target=PRICE after 600000ms — recording best primal incumbent
Processing problems/30_100/3_1778535813465.json
milp-rust: timed out on 30v×100o target=DISTANCE after 600000ms — recording best primal incumbent
milp-rust: timed out on 30v×100o target=PRICE after 600000ms — recording best primal incumbent
Processing problems/30_100/2_1778535813465.json
milp-rust: timed out on 30v×100o target=DISTANCE after 600000ms — recording best primal incumbent
milp-rust: timed out on 30v×100o target=PRICE after 600000ms — recording best primal incumbent
Processing problems/30_100/1_1778535813465.json
milp-rust: timed out on 30v×100o target=DISTANCE after 600000ms — recording best primal incumbent
milp-rust: timed out on 30v×100o target=PRICE after 600000ms — recording best primal incumbent
Processing problems/30_100/19_1778535813465.json
milp-rust: timed out on 30v×100o target=DISTANCE after 600000ms — recording best primal incumbent
milp-rust: timed out on 30v×100o target=PRICE after 600000ms — recording best primal incumbent
Processing problems/30_100/18_1778535813465.json
milp-rust: timed out on 30v×100o target=DISTANCE after 600000ms — recording best primal incumbent
milp-rust: timed out on 30v×100o target=PRICE after 600000ms — recording best primal incumbent
Processing problems/30_100/17_1778535813465.json
milp-rust: timed out on 30v×100o target=DISTANCE after 600000ms — recording best primal incumbent
milp-rust: timed out on 30v×100o target=PRICE after 600000ms — recording best primal incumbent
Processing problems/30_100/16_1778535813465.json
milp-rust: timed out on 30v×100o target=DISTANCE after 600000ms — recording best primal incumbent
milp-rust: timed out on 30v×100o target=PRICE after 600000ms — recording best primal incumbent
Processing problems/30_100/15_1778535813465.json
milp-rust: timed out on 30v×100o target=DISTANCE after 600000ms — recording best primal incumbent
milp-rust: timed out on 30v×100o target=PRICE after 600000ms — recording best primal incumbent
Processing problems/30_100/14_1778535813465.json
milp-rust: timed out on 30v×100o target=DISTANCE after 600000ms — recording best primal incumbent
milp-rust: timed out on 30v×100o target=PRICE after 600000ms — recording best primal incumbent
Processing problems/30_100/13_1778535813465.json
milp-rust: timed out on 30v×100o target=DISTANCE after 600000ms — recording best primal incumbent
milp-rust: timed out on 30v×100o target=PRICE after 600000ms — recording best primal incumbent
Processing problems/30_100/12_1778535813465.json
milp-rust: timed out on 30v×100o target=DISTANCE after 600000ms — recording best primal incumbent
milp-rust: timed out on 30v×100o target=PRICE after 600000ms — recording best primal incumbent
Processing problems/30_100/11_1778535813465.json
milp-rust: timed out on 30v×100o target=DISTANCE after 600000ms — recording best primal incumbent
milp-rust: timed out on 30v×100o target=PRICE after 600000ms — recording best primal incumbent
Processing problems/30_100/10_1778535813465.json
milp-rust: timed out on 30v×100o target=DISTANCE after 600000ms — recording best primal incumbent
milp-rust: timed out on 30v×100o target=PRICE after 600000ms — recording best primal incumbent
Processing problems/30_100/0_1778535813465.json
milp-rust: timed out on 30v×100o target=DISTANCE after 600000ms — recording best primal incumbent
milp-rust: timed out on 30v×100o target=PRICE after 600000ms — recording best primal incumbent
Saved 60 records to benchmark-results-milp-rust.json
[MILP-long] 30_100 result saved to /Users/srv/Git/KDP-Algoritmai/results/R05-30_100/benchmark-results-milp-rust.t600s.json
[MILP-long] All classes restored.

[MILP-long] Complete. Variant files under results/R05-*/benchmark-results-milp-rust.t600s.json
[MILP-long] Full log: /Users/srv/Git/KDP-Algoritmai/results/R05-milp-long-600s-2026-05-13.log
[MILP-long] Restoring any stashed problem classes...
[MILP-long] Restore complete.
