[R05] ===== 10_20  (HEURISTIC_REPETITIONS=5) =====
[R05] problems/ now contains only: 10_20

> kdp-algoritmai@1.0.0 start /Users/srv/Git/KDP-Algoritmai
> pnpm build && cd dist && node --max-old-space-size=12288 vrp.es.mjs


> kdp-algoritmai@1.0.0 build /Users/srv/Git/KDP-Algoritmai
> vite build

vite v7.2.0 building client environment for production...
transforming...
✓ 33 modules transformed.
rendering chunks...

[vite:dts] Start generate declaration files...
computing gzip size...
dist/index-xgqlYWm2.mjs                            0.88 kB │ gzip:  0.45 kB │ map:   4.31 kB
dist/tuneCea.es.mjs                                2.78 kB │ gzip:  1.27 kB │ map:   9.23 kB
dist/tunePsa.es.mjs                                2.98 kB │ gzip:  1.31 kB │ map:   9.85 kB
dist/vrp.es.mjs                                   10.74 kB │ gzip:  3.51 kB │ map:  37.46 kB
dist/greatCircleDistanceCalculator-B1xbCdPL.mjs  151.77 kB │ gzip: 40.28 kB │ map: 433.23 kB
[vite:dts] Declaration files built in 328ms.

[vite-plugin-static-copy] Copied 1 items.
✓ built in 489ms
Skipping algorithms: brute-force-rust

========================================
Starting benchmark for: lb-direct
========================================
Processing problems/10_20/9_1778535813465.json
Processing problems/10_20/8_1778535813465.json
Processing problems/10_20/7_1778535813465.json
Processing problems/10_20/6_1778535813465.json
Processing problems/10_20/5_1778535813465.json
Processing problems/10_20/4_1778535813465.json
Processing problems/10_20/3_1778535813465.json
Processing problems/10_20/2_1778535813465.json
Processing problems/10_20/1_1778535813465.json
Processing problems/10_20/19_1778535813465.json
Processing problems/10_20/18_1778535813465.json
Processing problems/10_20/17_1778535813465.json
Processing problems/10_20/16_1778535813465.json
Processing problems/10_20/15_1778535813465.json
Processing problems/10_20/14_1778535813465.json
Processing problems/10_20/13_1778535813465.json
Processing problems/10_20/12_1778535813465.json
Processing problems/10_20/11_1778535813465.json
Processing problems/10_20/10_1778535813465.json
Processing problems/10_20/0_1778535813465.json
Saved 60 records to benchmark-results-lb-direct.json

========================================
Starting benchmark for: lb-lp
========================================
Processing problems/10_20/9_1778535813465.json
Processing problems/10_20/8_1778535813465.json
Processing problems/10_20/7_1778535813465.json
Processing problems/10_20/6_1778535813465.json
Processing problems/10_20/5_1778535813465.json
Processing problems/10_20/4_1778535813465.json
Processing problems/10_20/3_1778535813465.json
Processing problems/10_20/2_1778535813465.json
Processing problems/10_20/1_1778535813465.json
Processing problems/10_20/19_1778535813465.json
Processing problems/10_20/18_1778535813465.json
Processing problems/10_20/17_1778535813465.json
Processing problems/10_20/16_1778535813465.json
Processing problems/10_20/15_1778535813465.json
Processing problems/10_20/14_1778535813465.json
Processing problems/10_20/13_1778535813465.json
Processing problems/10_20/12_1778535813465.json
Processing problems/10_20/11_1778535813465.json
Processing problems/10_20/10_1778535813465.json
Processing problems/10_20/0_1778535813465.json
Saved 40 records to benchmark-results-lb-lp.json

========================================
Starting benchmark for: milp-rust
========================================
Processing problems/10_20/9_1778535813465.json
milp-rust: timed out on 10v×20o target=DISTANCE after 60000ms — recording best primal incumbent
milp-rust: timed out on 10v×20o target=PRICE after 60000ms — recording best primal incumbent
Processing problems/10_20/8_1778535813465.json
milp-rust: timed out on 10v×20o target=DISTANCE after 60000ms — recording best primal incumbent
milp-rust: timed out on 10v×20o target=PRICE after 60000ms — recording best primal incumbent
Processing problems/10_20/7_1778535813465.json
milp-rust: timed out on 10v×20o target=DISTANCE after 60000ms — recording best primal incumbent
milp-rust: timed out on 10v×20o target=PRICE after 60000ms — recording best primal incumbent
Processing problems/10_20/6_1778535813465.json
milp-rust: timed out on 10v×20o target=DISTANCE after 60000ms — recording best primal incumbent
milp-rust: timed out on 10v×20o target=PRICE after 60000ms — recording best primal incumbent
Processing problems/10_20/5_1778535813465.json
milp-rust: timed out on 10v×20o target=DISTANCE after 60000ms — recording best primal incumbent
milp-rust: timed out on 10v×20o target=PRICE after 60000ms — recording best primal incumbent
Processing problems/10_20/4_1778535813465.json
milp-rust: timed out on 10v×20o target=DISTANCE after 60000ms — recording best primal incumbent
milp-rust: timed out on 10v×20o target=PRICE after 60000ms — recording best primal incumbent
Processing problems/10_20/3_1778535813465.json
milp-rust: timed out on 10v×20o target=DISTANCE after 60000ms — recording best primal incumbent
milp-rust: timed out on 10v×20o target=PRICE after 60000ms — recording best primal incumbent
Processing problems/10_20/2_1778535813465.json
milp-rust: timed out on 10v×20o target=DISTANCE after 60000ms — recording best primal incumbent
milp-rust: timed out on 10v×20o target=PRICE after 60000ms — recording best primal incumbent
Processing problems/10_20/1_1778535813465.json
milp-rust: timed out on 10v×20o target=DISTANCE after 60000ms — recording best primal incumbent
milp-rust: timed out on 10v×20o target=PRICE after 60000ms — recording best primal incumbent
Processing problems/10_20/19_1778535813465.json
milp-rust: timed out on 10v×20o target=DISTANCE after 60000ms — recording best primal incumbent
milp-rust: timed out on 10v×20o target=PRICE after 60000ms — recording best primal incumbent
Processing problems/10_20/18_1778535813465.json
milp-rust: timed out on 10v×20o target=DISTANCE after 60000ms — recording best primal incumbent
milp-rust: timed out on 10v×20o target=PRICE after 60000ms — recording best primal incumbent
Processing problems/10_20/17_1778535813465.json
milp-rust: timed out on 10v×20o target=DISTANCE after 60000ms — recording best primal incumbent
milp-rust: timed out on 10v×20o target=PRICE after 60000ms — recording best primal incumbent
Processing problems/10_20/16_1778535813465.json
milp-rust: timed out on 10v×20o target=DISTANCE after 60000ms — recording best primal incumbent
milp-rust: timed out on 10v×20o target=PRICE after 60000ms — recording best primal incumbent
Processing problems/10_20/15_1778535813465.json
milp-rust: timed out on 10v×20o target=DISTANCE after 60000ms — recording best primal incumbent
milp-rust: timed out on 10v×20o target=PRICE after 60000ms — recording best primal incumbent
Processing problems/10_20/14_1778535813465.json
milp-rust: timed out on 10v×20o target=DISTANCE after 60000ms — recording best primal incumbent
milp-rust: timed out on 10v×20o target=PRICE after 60000ms — recording best primal incumbent
Processing problems/10_20/13_1778535813465.json
milp-rust: timed out on 10v×20o target=DISTANCE after 60000ms — recording best primal incumbent
milp-rust: timed out on 10v×20o target=PRICE after 60000ms — recording best primal incumbent
Processing problems/10_20/12_1778535813465.json
milp-rust: timed out on 10v×20o target=DISTANCE after 60000ms — recording best primal incumbent
milp-rust: timed out on 10v×20o target=PRICE after 60000ms — recording best primal incumbent
Processing problems/10_20/11_1778535813465.json
milp-rust: timed out on 10v×20o target=DISTANCE after 60000ms — recording best primal incumbent
milp-rust: timed out on 10v×20o target=PRICE after 60000ms — recording best primal incumbent
Processing problems/10_20/10_1778535813465.json
milp-rust: timed out on 10v×20o target=DISTANCE after 60000ms — recording best primal incumbent
milp-rust: timed out on 10v×20o target=PRICE after 60000ms — recording best primal incumbent
Processing problems/10_20/0_1778535813465.json
milp-rust: timed out on 10v×20o target=DISTANCE after 60000ms — recording best primal incumbent
milp-rust: timed out on 10v×20o target=PRICE after 60000ms — recording best primal incumbent
Saved 60 records to benchmark-results-milp-rust.json

========================================
Starting benchmark for: or-tools-cp-sat
========================================
Processing problems/10_20/9_1778535813465.json
or-tools-cp-sat: FEASIBLE on 10v×20o target=DISTANCE after 60000ms — recording best incumbent
or-tools-cp-sat: FEASIBLE on 10v×20o target=PRICE after 60000ms — recording best incumbent
Processing problems/10_20/8_1778535813465.json
or-tools-cp-sat: FEASIBLE on 10v×20o target=DISTANCE after 60000ms — recording best incumbent
or-tools-cp-sat: FEASIBLE on 10v×20o target=PRICE after 60000ms — recording best incumbent
Processing problems/10_20/7_1778535813465.json
or-tools-cp-sat: FEASIBLE on 10v×20o target=DISTANCE after 60000ms — recording best incumbent
or-tools-cp-sat: FEASIBLE on 10v×20o target=PRICE after 60000ms — recording best incumbent
Processing problems/10_20/6_1778535813465.json
or-tools-cp-sat: FEASIBLE on 10v×20o target=DISTANCE after 60000ms — recording best incumbent
or-tools-cp-sat: FEASIBLE on 10v×20o target=PRICE after 60000ms — recording best incumbent
Processing problems/10_20/5_1778535813465.json
or-tools-cp-sat: FEASIBLE on 10v×20o target=DISTANCE after 60000ms — recording best incumbent
or-tools-cp-sat: FEASIBLE on 10v×20o target=PRICE after 60000ms — recording best incumbent
Processing problems/10_20/4_1778535813465.json
or-tools-cp-sat: FEASIBLE on 10v×20o target=DISTANCE after 60000ms — recording best incumbent
or-tools-cp-sat: FEASIBLE on 10v×20o target=PRICE after 60000ms — recording best incumbent
Processing problems/10_20/3_1778535813465.json
or-tools-cp-sat: FEASIBLE on 10v×20o target=DISTANCE after 60000ms — recording best incumbent
or-tools-cp-sat: FEASIBLE on 10v×20o target=PRICE after 60000ms — recording best incumbent
Processing problems/10_20/2_1778535813465.json
or-tools-cp-sat: FEASIBLE on 10v×20o target=DISTANCE after 60000ms — recording best incumbent
or-tools-cp-sat: FEASIBLE on 10v×20o target=PRICE after 60000ms — recording best incumbent
Processing problems/10_20/1_1778535813465.json
or-tools-cp-sat: FEASIBLE on 10v×20o target=DISTANCE after 60000ms — recording best incumbent
or-tools-cp-sat: FEASIBLE on 10v×20o target=PRICE after 60000ms — recording best incumbent
Processing problems/10_20/19_1778535813465.json
or-tools-cp-sat: FEASIBLE on 10v×20o target=DISTANCE after 60000ms — recording best incumbent
or-tools-cp-sat: FEASIBLE on 10v×20o target=PRICE after 60000ms — recording best incumbent
Processing problems/10_20/18_1778535813465.json
or-tools-cp-sat: FEASIBLE on 10v×20o target=DISTANCE after 60000ms — recording best incumbent
or-tools-cp-sat: FEASIBLE on 10v×20o target=PRICE after 60000ms — recording best incumbent
Processing problems/10_20/17_1778535813465.json
or-tools-cp-sat: FEASIBLE on 10v×20o target=DISTANCE after 60000ms — recording best incumbent
or-tools-cp-sat: FEASIBLE on 10v×20o target=PRICE after 60000ms — recording best incumbent
Processing problems/10_20/16_1778535813465.json
or-tools-cp-sat: FEASIBLE on 10v×20o target=DISTANCE after 60000ms — recording best incumbent
or-tools-cp-sat: FEASIBLE on 10v×20o target=PRICE after 60000ms — recording best incumbent
Processing problems/10_20/15_1778535813465.json
or-tools-cp-sat: FEASIBLE on 10v×20o target=DISTANCE after 60000ms — recording best incumbent
or-tools-cp-sat: FEASIBLE on 10v×20o target=PRICE after 60000ms — recording best incumbent
Processing problems/10_20/14_1778535813465.json
or-tools-cp-sat: FEASIBLE on 10v×20o target=DISTANCE after 60000ms — recording best incumbent
or-tools-cp-sat: FEASIBLE on 10v×20o target=PRICE after 60000ms — recording best incumbent
Processing problems/10_20/13_1778535813465.json
or-tools-cp-sat: FEASIBLE on 10v×20o target=DISTANCE after 60000ms — recording best incumbent
or-tools-cp-sat: FEASIBLE on 10v×20o target=PRICE after 60000ms — recording best incumbent
Processing problems/10_20/12_1778535813465.json
or-tools-cp-sat: FEASIBLE on 10v×20o target=DISTANCE after 60000ms — recording best incumbent
or-tools-cp-sat: FEASIBLE on 10v×20o target=PRICE after 60000ms — recording best incumbent
Processing problems/10_20/11_1778535813465.json
or-tools-cp-sat: FEASIBLE on 10v×20o target=DISTANCE after 60000ms — recording best incumbent
or-tools-cp-sat: FEASIBLE on 10v×20o target=PRICE after 60000ms — recording best incumbent
Processing problems/10_20/10_1778535813465.json
or-tools-cp-sat: FEASIBLE on 10v×20o target=DISTANCE after 60000ms — recording best incumbent
or-tools-cp-sat: FEASIBLE on 10v×20o target=PRICE after 60000ms — recording best incumbent
Processing problems/10_20/0_1778535813465.json
or-tools-cp-sat: FEASIBLE on 10v×20o target=DISTANCE after 60000ms — recording best incumbent
or-tools-cp-sat: FEASIBLE on 10v×20o target=PRICE after 60000ms — recording best incumbent
Saved 60 records to benchmark-results-or-tools-cp-sat.json

========================================
Starting benchmark for: or-tools-routing
========================================
Processing problems/10_20/9_1778535813465.json
Processing problems/10_20/8_1778535813465.json
Processing problems/10_20/7_1778535813465.json
Processing problems/10_20/6_1778535813465.json
Processing problems/10_20/5_1778535813465.json
Processing problems/10_20/4_1778535813465.json
Processing problems/10_20/3_1778535813465.json
Processing problems/10_20/2_1778535813465.json
Processing problems/10_20/1_1778535813465.json
Processing problems/10_20/19_1778535813465.json
Processing problems/10_20/18_1778535813465.json
Processing problems/10_20/17_1778535813465.json
Processing problems/10_20/16_1778535813465.json
Processing problems/10_20/15_1778535813465.json
Processing problems/10_20/14_1778535813465.json
Processing problems/10_20/13_1778535813465.json
Processing problems/10_20/12_1778535813465.json
Processing problems/10_20/11_1778535813465.json
Processing problems/10_20/10_1778535813465.json
Processing problems/10_20/0_1778535813465.json
Saved 60 records to benchmark-results-or-tools-routing.json

========================================
Starting benchmark for: p-sa-rust
========================================
Processing problems/10_20/9_1778535813465.json
Processing problems/10_20/8_1778535813465.json
Processing problems/10_20/7_1778535813465.json
Processing problems/10_20/6_1778535813465.json
Processing problems/10_20/5_1778535813465.json
Processing problems/10_20/4_1778535813465.json
Processing problems/10_20/3_1778535813465.json
Processing problems/10_20/2_1778535813465.json
Processing problems/10_20/1_1778535813465.json
Processing problems/10_20/19_1778535813465.json
Processing problems/10_20/18_1778535813465.json
Processing problems/10_20/17_1778535813465.json
Processing problems/10_20/16_1778535813465.json
Processing problems/10_20/15_1778535813465.json
Processing problems/10_20/14_1778535813465.json
Processing problems/10_20/13_1778535813465.json
Processing problems/10_20/12_1778535813465.json
Processing problems/10_20/11_1778535813465.json
Processing problems/10_20/10_1778535813465.json
Processing problems/10_20/0_1778535813465.json
Saved 300 records to benchmark-results-p-sa-rust.json

========================================
Starting benchmark for: cea-rust
========================================
Processing problems/10_20/9_1778535813465.json
Processing problems/10_20/8_1778535813465.json
Processing problems/10_20/7_1778535813465.json
Processing problems/10_20/6_1778535813465.json
Processing problems/10_20/5_1778535813465.json
Processing problems/10_20/4_1778535813465.json
Processing problems/10_20/3_1778535813465.json
Processing problems/10_20/2_1778535813465.json
Processing problems/10_20/1_1778535813465.json
Processing problems/10_20/19_1778535813465.json
Processing problems/10_20/18_1778535813465.json
Processing problems/10_20/17_1778535813465.json
Processing problems/10_20/16_1778535813465.json
Processing problems/10_20/15_1778535813465.json
Processing problems/10_20/14_1778535813465.json
Processing problems/10_20/13_1778535813465.json
Processing problems/10_20/12_1778535813465.json
Processing problems/10_20/11_1778535813465.json
Processing problems/10_20/10_1778535813465.json
Processing problems/10_20/0_1778535813465.json
Saved 300 records to benchmark-results-cea-rust.json
[R05] 10_20 pass complete, copying results...
[R05] Results saved to /Users/srv/Git/KDP-Algoritmai/results/R05-10_20
[R05] All classes restored.
[R05] ===== 20_50  (HEURISTIC_REPETITIONS=3) =====
[R05] problems/ now contains only: 20_50

> kdp-algoritmai@1.0.0 start /Users/srv/Git/KDP-Algoritmai
> pnpm build && cd dist && node --max-old-space-size=12288 vrp.es.mjs


> kdp-algoritmai@1.0.0 build /Users/srv/Git/KDP-Algoritmai
> vite build

vite v7.2.0 building client environment for production...
transforming...
✓ 33 modules transformed.
rendering chunks...

[vite:dts] Start generate declaration files...
computing gzip size...
dist/index-xgqlYWm2.mjs                            0.88 kB │ gzip:  0.45 kB │ map:   4.31 kB
dist/tuneCea.es.mjs                                2.78 kB │ gzip:  1.27 kB │ map:   9.23 kB
dist/tunePsa.es.mjs                                2.98 kB │ gzip:  1.31 kB │ map:   9.85 kB
dist/vrp.es.mjs                                   10.74 kB │ gzip:  3.51 kB │ map:  37.46 kB
dist/greatCircleDistanceCalculator-B1xbCdPL.mjs  151.77 kB │ gzip: 40.28 kB │ map: 433.23 kB
[vite:dts] Declaration files built in 361ms.

[vite-plugin-static-copy] Copied 1 items.
✓ built in 530ms
Skipping algorithms: brute-force-rust, lb-lp

========================================
Starting benchmark for: lb-direct
========================================
Processing problems/20_50/9_1778535813465.json
Processing problems/20_50/8_1778535813465.json
Processing problems/20_50/7_1778535813465.json
Processing problems/20_50/6_1778535813465.json
Processing problems/20_50/5_1778535813465.json
Processing problems/20_50/4_1778535813465.json
Processing problems/20_50/3_1778535813465.json
Processing problems/20_50/2_1778535813465.json
Processing problems/20_50/1_1778535813465.json
Processing problems/20_50/19_1778535813465.json
Processing problems/20_50/18_1778535813465.json
Processing problems/20_50/17_1778535813465.json
Processing problems/20_50/16_1778535813465.json
Processing problems/20_50/15_1778535813465.json
Processing problems/20_50/14_1778535813465.json
Processing problems/20_50/13_1778535813465.json
Processing problems/20_50/12_1778535813465.json
Processing problems/20_50/11_1778535813465.json
Processing problems/20_50/10_1778535813465.json
Processing problems/20_50/0_1778535813465.json
Saved 60 records to benchmark-results-lb-direct.json

========================================
Starting benchmark for: milp-rust
========================================
Processing problems/20_50/9_1778535813465.json
milp-rust: timed out on 20v×50o target=DISTANCE after 60000ms — recording best primal incumbent
milp-rust: timed out on 20v×50o target=PRICE after 60000ms — recording best primal incumbent
Processing problems/20_50/8_1778535813465.json
milp-rust: timed out on 20v×50o target=DISTANCE after 60000ms — recording best primal incumbent
milp-rust: timed out on 20v×50o target=PRICE after 60000ms — recording best primal incumbent
Processing problems/20_50/7_1778535813465.json
milp-rust: timed out on 20v×50o target=DISTANCE after 60000ms — recording best primal incumbent
milp-rust: timed out on 20v×50o target=PRICE after 60000ms — recording best primal incumbent
Processing problems/20_50/6_1778535813465.json
milp-rust: timed out on 20v×50o target=DISTANCE after 60000ms — recording best primal incumbent
milp-rust: timed out on 20v×50o target=PRICE after 60000ms — recording best primal incumbent
Processing problems/20_50/5_1778535813465.json
milp-rust: timed out on 20v×50o target=DISTANCE after 60000ms — recording best primal incumbent
milp-rust: timed out on 20v×50o target=PRICE after 60000ms — recording best primal incumbent
Processing problems/20_50/4_1778535813465.json
milp-rust: timed out on 20v×50o target=DISTANCE after 60000ms — recording best primal incumbent
milp-rust: timed out on 20v×50o target=PRICE after 60000ms — recording best primal incumbent
Processing problems/20_50/3_1778535813465.json
milp-rust: timed out on 20v×50o target=DISTANCE after 60000ms — recording best primal incumbent
milp-rust: timed out on 20v×50o target=PRICE after 60000ms — recording best primal incumbent
Processing problems/20_50/2_1778535813465.json
milp-rust: timed out on 20v×50o target=DISTANCE after 60000ms — recording best primal incumbent
milp-rust: timed out on 20v×50o target=PRICE after 60000ms — recording best primal incumbent
Processing problems/20_50/1_1778535813465.json
milp-rust: timed out on 20v×50o target=DISTANCE after 60000ms — recording best primal incumbent
milp-rust: timed out on 20v×50o target=PRICE after 60000ms — recording best primal incumbent
Processing problems/20_50/19_1778535813465.json
milp-rust: timed out on 20v×50o target=DISTANCE after 60000ms — recording best primal incumbent
milp-rust: timed out on 20v×50o target=PRICE after 60000ms — recording best primal incumbent
Processing problems/20_50/18_1778535813465.json
milp-rust: timed out on 20v×50o target=DISTANCE after 60000ms — recording best primal incumbent
milp-rust: timed out on 20v×50o target=PRICE after 60000ms — recording best primal incumbent
Processing problems/20_50/17_1778535813465.json
milp-rust: timed out on 20v×50o target=DISTANCE after 60000ms — recording best primal incumbent
milp-rust: timed out on 20v×50o target=PRICE after 60000ms — recording best primal incumbent
Processing problems/20_50/16_1778535813465.json
milp-rust: timed out on 20v×50o target=DISTANCE after 60000ms — recording best primal incumbent
milp-rust: timed out on 20v×50o target=PRICE after 60000ms — recording best primal incumbent
Processing problems/20_50/15_1778535813465.json
milp-rust: timed out on 20v×50o target=DISTANCE after 60000ms — recording best primal incumbent
milp-rust: timed out on 20v×50o target=PRICE after 60000ms — recording best primal incumbent
Processing problems/20_50/14_1778535813465.json
milp-rust: timed out on 20v×50o target=DISTANCE after 60000ms — recording best primal incumbent
milp-rust: timed out on 20v×50o target=PRICE after 60000ms — recording best primal incumbent
Processing problems/20_50/13_1778535813465.json
milp-rust: timed out on 20v×50o target=DISTANCE after 60000ms — recording best primal incumbent
milp-rust: timed out on 20v×50o target=PRICE after 60000ms — recording best primal incumbent
Processing problems/20_50/12_1778535813465.json
milp-rust: timed out on 20v×50o target=DISTANCE after 60000ms — recording best primal incumbent
milp-rust: timed out on 20v×50o target=PRICE after 60000ms — recording best primal incumbent
Processing problems/20_50/11_1778535813465.json
milp-rust: timed out on 20v×50o target=DISTANCE after 60000ms — recording best primal incumbent
milp-rust: timed out on 20v×50o target=PRICE after 60000ms — recording best primal incumbent
Processing problems/20_50/10_1778535813465.json
milp-rust: timed out on 20v×50o target=DISTANCE after 60000ms — recording best primal incumbent
milp-rust: timed out on 20v×50o target=PRICE after 60000ms — recording best primal incumbent
Processing problems/20_50/0_1778535813465.json
milp-rust: timed out on 20v×50o target=DISTANCE after 60000ms — recording best primal incumbent
milp-rust: timed out on 20v×50o target=PRICE after 60000ms — recording best primal incumbent
Saved 60 records to benchmark-results-milp-rust.json

========================================
Starting benchmark for: or-tools-cp-sat
========================================
Processing problems/20_50/9_1778535813465.json
or-tools-cp-sat: TIMEDOUT on 20v×50o target=DISTANCE after 60000ms — recording best incumbent
or-tools-cp-sat: TIMEDOUT on 20v×50o target=PRICE after 60000ms — recording best incumbent
Processing problems/20_50/8_1778535813465.json
or-tools-cp-sat: TIMEDOUT on 20v×50o target=DISTANCE after 60000ms — recording best incumbent
or-tools-cp-sat: TIMEDOUT on 20v×50o target=PRICE after 60000ms — recording best incumbent
Processing problems/20_50/7_1778535813465.json
or-tools-cp-sat: TIMEDOUT on 20v×50o target=DISTANCE after 60000ms — recording best incumbent
or-tools-cp-sat: TIMEDOUT on 20v×50o target=PRICE after 60000ms — recording best incumbent
Processing problems/20_50/6_1778535813465.json
or-tools-cp-sat: TIMEDOUT on 20v×50o target=DISTANCE after 60000ms — recording best incumbent
or-tools-cp-sat: TIMEDOUT on 20v×50o target=PRICE after 60000ms — recording best incumbent
Processing problems/20_50/5_1778535813465.json
or-tools-cp-sat: TIMEDOUT on 20v×50o target=DISTANCE after 60000ms — recording best incumbent
or-tools-cp-sat: TIMEDOUT on 20v×50o target=PRICE after 60000ms — recording best incumbent
Processing problems/20_50/4_1778535813465.json
or-tools-cp-sat: TIMEDOUT on 20v×50o target=DISTANCE after 60000ms — recording best incumbent
or-tools-cp-sat: TIMEDOUT on 20v×50o target=PRICE after 60000ms — recording best incumbent
Processing problems/20_50/3_1778535813465.json
or-tools-cp-sat: TIMEDOUT on 20v×50o target=DISTANCE after 60000ms — recording best incumbent
or-tools-cp-sat: TIMEDOUT on 20v×50o target=PRICE after 60000ms — recording best incumbent
Processing problems/20_50/2_1778535813465.json
or-tools-cp-sat: TIMEDOUT on 20v×50o target=DISTANCE after 60000ms — recording best incumbent
or-tools-cp-sat: TIMEDOUT on 20v×50o target=PRICE after 60000ms — recording best incumbent
Processing problems/20_50/1_1778535813465.json
or-tools-cp-sat: TIMEDOUT on 20v×50o target=DISTANCE after 60000ms — recording best incumbent
or-tools-cp-sat: TIMEDOUT on 20v×50o target=PRICE after 60000ms — recording best incumbent
Processing problems/20_50/19_1778535813465.json
or-tools-cp-sat: TIMEDOUT on 20v×50o target=DISTANCE after 60000ms — recording best incumbent
or-tools-cp-sat: TIMEDOUT on 20v×50o target=PRICE after 60000ms — recording best incumbent
Processing problems/20_50/18_1778535813465.json
or-tools-cp-sat: TIMEDOUT on 20v×50o target=DISTANCE after 60000ms — recording best incumbent
or-tools-cp-sat: TIMEDOUT on 20v×50o target=PRICE after 60000ms — recording best incumbent
Processing problems/20_50/17_1778535813465.json
or-tools-cp-sat: TIMEDOUT on 20v×50o target=DISTANCE after 60000ms — recording best incumbent
or-tools-cp-sat: TIMEDOUT on 20v×50o target=PRICE after 60000ms — recording best incumbent
Processing problems/20_50/16_1778535813465.json
or-tools-cp-sat: TIMEDOUT on 20v×50o target=DISTANCE after 60000ms — recording best incumbent
or-tools-cp-sat: TIMEDOUT on 20v×50o target=PRICE after 60000ms — recording best incumbent
Processing problems/20_50/15_1778535813465.json
or-tools-cp-sat: TIMEDOUT on 20v×50o target=DISTANCE after 60000ms — recording best incumbent
or-tools-cp-sat: TIMEDOUT on 20v×50o target=PRICE after 60000ms — recording best incumbent
Processing problems/20_50/14_1778535813465.json
or-tools-cp-sat: TIMEDOUT on 20v×50o target=DISTANCE after 60000ms — recording best incumbent
or-tools-cp-sat: TIMEDOUT on 20v×50o target=PRICE after 60000ms — recording best incumbent
Processing problems/20_50/13_1778535813465.json
or-tools-cp-sat: TIMEDOUT on 20v×50o target=DISTANCE after 60000ms — recording best incumbent
or-tools-cp-sat: TIMEDOUT on 20v×50o target=PRICE after 60000ms — recording best incumbent
Processing problems/20_50/12_1778535813465.json
or-tools-cp-sat: TIMEDOUT on 20v×50o target=DISTANCE after 60000ms — recording best incumbent
or-tools-cp-sat: TIMEDOUT on 20v×50o target=PRICE after 60000ms — recording best incumbent
Processing problems/20_50/11_1778535813465.json
or-tools-cp-sat: TIMEDOUT on 20v×50o target=DISTANCE after 60000ms — recording best incumbent
or-tools-cp-sat: TIMEDOUT on 20v×50o target=PRICE after 60000ms — recording best incumbent
Processing problems/20_50/10_1778535813465.json
or-tools-cp-sat: TIMEDOUT on 20v×50o target=DISTANCE after 60000ms — recording best incumbent
or-tools-cp-sat: TIMEDOUT on 20v×50o target=PRICE after 60000ms — recording best incumbent
Processing problems/20_50/0_1778535813465.json
or-tools-cp-sat: TIMEDOUT on 20v×50o target=DISTANCE after 60000ms — recording best incumbent
or-tools-cp-sat: TIMEDOUT on 20v×50o target=PRICE after 60000ms — recording best incumbent
Saved 60 records to benchmark-results-or-tools-cp-sat.json

========================================
Starting benchmark for: or-tools-routing
========================================
Processing problems/20_50/9_1778535813465.json
Processing problems/20_50/8_1778535813465.json
Processing problems/20_50/7_1778535813465.json
Processing problems/20_50/6_1778535813465.json
Processing problems/20_50/5_1778535813465.json
Processing problems/20_50/4_1778535813465.json
Processing problems/20_50/3_1778535813465.json
Processing problems/20_50/2_1778535813465.json
Processing problems/20_50/1_1778535813465.json
Processing problems/20_50/19_1778535813465.json
Processing problems/20_50/18_1778535813465.json
Processing problems/20_50/17_1778535813465.json
Processing problems/20_50/16_1778535813465.json
Processing problems/20_50/15_1778535813465.json
Processing problems/20_50/14_1778535813465.json
Processing problems/20_50/13_1778535813465.json
Processing problems/20_50/12_1778535813465.json
Processing problems/20_50/11_1778535813465.json
Processing problems/20_50/10_1778535813465.json
Processing problems/20_50/0_1778535813465.json
Saved 60 records to benchmark-results-or-tools-routing.json

========================================
Starting benchmark for: p-sa-rust
========================================
Processing problems/20_50/9_1778535813465.json
Processing problems/20_50/8_1778535813465.json
Processing problems/20_50/7_1778535813465.json
Processing problems/20_50/6_1778535813465.json
Processing problems/20_50/5_1778535813465.json
Processing problems/20_50/4_1778535813465.json
Processing problems/20_50/3_1778535813465.json
Processing problems/20_50/2_1778535813465.json
Processing problems/20_50/1_1778535813465.json
Processing problems/20_50/19_1778535813465.json
Processing problems/20_50/18_1778535813465.json
Processing problems/20_50/17_1778535813465.json
Processing problems/20_50/16_1778535813465.json
Processing problems/20_50/15_1778535813465.json
Processing problems/20_50/14_1778535813465.json
Processing problems/20_50/13_1778535813465.json
Processing problems/20_50/12_1778535813465.json
Processing problems/20_50/11_1778535813465.json
Processing problems/20_50/10_1778535813465.json
Processing problems/20_50/0_1778535813465.json
Saved 180 records to benchmark-results-p-sa-rust.json

========================================
Starting benchmark for: cea-rust
========================================
Processing problems/20_50/9_1778535813465.json
[cea] wall-time cap hit after 161 generations (conv_count=300 not reached)
[cea] wall-time cap hit after 146 generations (conv_count=300 not reached)
[cea] wall-time cap hit after 176 generations (conv_count=300 not reached)
[cea] wall-time cap hit after 183 generations (conv_count=300 not reached)
[cea] wall-time cap hit after 185 generations (conv_count=300 not reached)
[cea] wall-time cap hit after 187 generations (conv_count=300 not reached)
[cea] wall-time cap hit after 87 generations (conv_count=300 not reached)
[cea] wall-time cap hit after 96 generations (conv_count=300 not reached)
[cea] wall-time cap hit after 78 generations (conv_count=300 not reached)
Processing problems/20_50/8_1778535813465.json
[cea] wall-time cap hit after 147 generations (conv_count=300 not reached)
[cea] wall-time cap hit after 143 generations (conv_count=300 not reached)
[cea] wall-time cap hit after 158 generations (conv_count=300 not reached)
[cea] wall-time cap hit after 232 generations (conv_count=300 not reached)
[cea] wall-time cap hit after 224 generations (conv_count=300 not reached)
[cea] wall-time cap hit after 235 generations (conv_count=300 not reached)
[cea] wall-time cap hit after 183 generations (conv_count=300 not reached)
[cea] wall-time cap hit after 163 generations (conv_count=300 not reached)
[cea] wall-time cap hit after 193 generations (conv_count=300 not reached)
Processing problems/20_50/7_1778535813465.json
[cea] wall-time cap hit after 219 generations (conv_count=300 not reached)
[cea] wall-time cap hit after 222 generations (conv_count=300 not reached)
[cea] wall-time cap hit after 218 generations (conv_count=300 not reached)
[cea] wall-time cap hit after 212 generations (conv_count=300 not reached)
[cea] wall-time cap hit after 228 generations (conv_count=300 not reached)
[cea] wall-time cap hit after 218 generations (conv_count=300 not reached)
[cea] wall-time cap hit after 157 generations (conv_count=300 not reached)
[cea] wall-time cap hit after 157 generations (conv_count=300 not reached)
[cea] wall-time cap hit after 148 generations (conv_count=300 not reached)
Processing problems/20_50/6_1778535813465.json
[cea] wall-time cap hit after 148 generations (conv_count=300 not reached)
[cea] wall-time cap hit after 149 generations (conv_count=300 not reached)
[cea] wall-time cap hit after 129 generations (conv_count=300 not reached)
[cea] wall-time cap hit after 226 generations (conv_count=300 not reached)
[cea] wall-time cap hit after 218 generations (conv_count=300 not reached)
[cea] wall-time cap hit after 233 generations (conv_count=300 not reached)
[cea] wall-time cap hit after 112 generations (conv_count=300 not reached)
[cea] wall-time cap hit after 118 generations (conv_count=300 not reached)
[cea] wall-time cap hit after 132 generations (conv_count=300 not reached)
Processing problems/20_50/5_1778535813465.json
[cea] wall-time cap hit after 193 generations (conv_count=300 not reached)
[cea] wall-time cap hit after 199 generations (conv_count=300 not reached)
[cea] wall-time cap hit after 193 generations (conv_count=300 not reached)
[cea] wall-time cap hit after 228 generations (conv_count=300 not reached)
[cea] wall-time cap hit after 216 generations (conv_count=300 not reached)
[cea] wall-time cap hit after 245 generations (conv_count=300 not reached)
[cea] wall-time cap hit after 174 generations (conv_count=300 not reached)
[cea] wall-time cap hit after 166 generations (conv_count=300 not reached)
[cea] wall-time cap hit after 142 generations (conv_count=300 not reached)
Processing problems/20_50/4_1778535813465.json
[cea] wall-time cap hit after 141 generations (conv_count=300 not reached)
[cea] wall-time cap hit after 145 generations (conv_count=300 not reached)
[cea] wall-time cap hit after 154 generations (conv_count=300 not reached)
[cea] wall-time cap hit after 176 generations (conv_count=300 not reached)
[cea] wall-time cap hit after 183 generations (conv_count=300 not reached)
[cea] wall-time cap hit after 183 generations (conv_count=300 not reached)
[cea] wall-time cap hit after 105 generations (conv_count=300 not reached)
[cea] wall-time cap hit after 122 generations (conv_count=300 not reached)
[cea] wall-time cap hit after 118 generations (conv_count=300 not reached)
Processing problems/20_50/3_1778535813465.json
[cea] wall-time cap hit after 154 generations (conv_count=300 not reached)
[cea] wall-time cap hit after 187 generations (conv_count=300 not reached)
[cea] wall-time cap hit after 154 generations (conv_count=300 not reached)
[cea] wall-time cap hit after 216 generations (conv_count=300 not reached)
[cea] wall-time cap hit after 198 generations (conv_count=300 not reached)
[cea] wall-time cap hit after 226 generations (conv_count=300 not reached)
[cea] wall-time cap hit after 98 generations (conv_count=300 not reached)
[cea] wall-time cap hit after 125 generations (conv_count=300 not reached)
[cea] wall-time cap hit after 124 generations (conv_count=300 not reached)
Processing problems/20_50/2_1778535813465.json
[cea] wall-time cap hit after 137 generations (conv_count=300 not reached)
[cea] wall-time cap hit after 140 generations (conv_count=300 not reached)
[cea] wall-time cap hit after 139 generations (conv_count=300 not reached)
[cea] wall-time cap hit after 257 generations (conv_count=300 not reached)
[cea] wall-time cap hit after 265 generations (conv_count=300 not reached)
[cea] wall-time cap hit after 261 generations (conv_count=300 not reached)
[cea] wall-time cap hit after 150 generations (conv_count=300 not reached)
[cea] wall-time cap hit after 183 generations (conv_count=300 not reached)
[cea] wall-time cap hit after 156 generations (conv_count=300 not reached)
Processing problems/20_50/1_1778535813465.json
[cea] wall-time cap hit after 180 generations (conv_count=300 not reached)
[cea] wall-time cap hit after 178 generations (conv_count=300 not reached)
[cea] wall-time cap hit after 178 generations (conv_count=300 not reached)
[cea] wall-time cap hit after 278 generations (conv_count=300 not reached)
[cea] wall-time cap hit after 294 generations (conv_count=300 not reached)
[cea] wall-time cap hit after 222 generations (conv_count=300 not reached)
[cea] wall-time cap hit after 129 generations (conv_count=300 not reached)
[cea] wall-time cap hit after 130 generations (conv_count=300 not reached)
[cea] wall-time cap hit after 174 generations (conv_count=300 not reached)
Processing problems/20_50/19_1778535813465.json
[cea] wall-time cap hit after 177 generations (conv_count=300 not reached)
[cea] wall-time cap hit after 177 generations (conv_count=300 not reached)
[cea] wall-time cap hit after 176 generations (conv_count=300 not reached)
[cea] wall-time cap hit after 208 generations (conv_count=300 not reached)
[cea] wall-time cap hit after 222 generations (conv_count=300 not reached)
[cea] wall-time cap hit after 208 generations (conv_count=300 not reached)
[cea] wall-time cap hit after 157 generations (conv_count=300 not reached)
[cea] wall-time cap hit after 153 generations (conv_count=300 not reached)
[cea] wall-time cap hit after 182 generations (conv_count=300 not reached)
Processing problems/20_50/18_1778535813465.json
[cea] wall-time cap hit after 146 generations (conv_count=300 not reached)
[cea] wall-time cap hit after 147 generations (conv_count=300 not reached)
[cea] wall-time cap hit after 144 generations (conv_count=300 not reached)
[cea] wall-time cap hit after 221 generations (conv_count=300 not reached)
[cea] wall-time cap hit after 236 generations (conv_count=300 not reached)
[cea] wall-time cap hit after 234 generations (conv_count=300 not reached)
[cea] wall-time cap hit after 153 generations (conv_count=300 not reached)
[cea] wall-time cap hit after 191 generations (conv_count=300 not reached)
[cea] wall-time cap hit after 155 generations (conv_count=300 not reached)
Processing problems/20_50/17_1778535813465.json
[cea] wall-time cap hit after 161 generations (conv_count=300 not reached)
[cea] wall-time cap hit after 158 generations (conv_count=300 not reached)
[cea] wall-time cap hit after 152 generations (conv_count=300 not reached)
[cea] wall-time cap hit after 213 generations (conv_count=300 not reached)
[cea] wall-time cap hit after 161 generations (conv_count=300 not reached)
[cea] wall-time cap hit after 219 generations (conv_count=300 not reached)
[cea] wall-time cap hit after 142 generations (conv_count=300 not reached)
[cea] wall-time cap hit after 130 generations (conv_count=300 not reached)
[cea] wall-time cap hit after 142 generations (conv_count=300 not reached)
Processing problems/20_50/16_1778535813465.json
[cea] wall-time cap hit after 130 generations (conv_count=300 not reached)
[cea] wall-time cap hit after 131 generations (conv_count=300 not reached)
[cea] wall-time cap hit after 130 generations (conv_count=300 not reached)
[cea] wall-time cap hit after 191 generations (conv_count=300 not reached)
[cea] wall-time cap hit after 188 generations (conv_count=300 not reached)
[cea] wall-time cap hit after 165 generations (conv_count=300 not reached)
[cea] wall-time cap hit after 119 generations (conv_count=300 not reached)
[cea] wall-time cap hit after 103 generations (conv_count=300 not reached)
[cea] wall-time cap hit after 117 generations (conv_count=300 not reached)
Processing problems/20_50/15_1778535813465.json
[cea] wall-time cap hit after 180 generations (conv_count=300 not reached)
[cea] wall-time cap hit after 165 generations (conv_count=300 not reached)
[cea] wall-time cap hit after 177 generations (conv_count=300 not reached)
[cea] wall-time cap hit after 235 generations (conv_count=300 not reached)
[cea] wall-time cap hit after 235 generations (conv_count=300 not reached)
[cea] wall-time cap hit after 185 generations (conv_count=300 not reached)
[cea] wall-time cap hit after 122 generations (conv_count=300 not reached)
[cea] wall-time cap hit after 133 generations (conv_count=300 not reached)
[cea] wall-time cap hit after 119 generations (conv_count=300 not reached)
Processing problems/20_50/14_1778535813465.json
[cea] wall-time cap hit after 151 generations (conv_count=300 not reached)
[cea] wall-time cap hit after 157 generations (conv_count=300 not reached)
[cea] wall-time cap hit after 149 generations (conv_count=300 not reached)
[cea] wall-time cap hit after 199 generations (conv_count=300 not reached)
[cea] wall-time cap hit after 224 generations (conv_count=300 not reached)
[cea] wall-time cap hit after 199 generations (conv_count=300 not reached)
[cea] wall-time cap hit after 136 generations (conv_count=300 not reached)
[cea] wall-time cap hit after 131 generations (conv_count=300 not reached)
[cea] wall-time cap hit after 126 generations (conv_count=300 not reached)
Processing problems/20_50/13_1778535813465.json
[cea] wall-time cap hit after 123 generations (conv_count=300 not reached)
[cea] wall-time cap hit after 127 generations (conv_count=300 not reached)
[cea] wall-time cap hit after 129 generations (conv_count=300 not reached)
[cea] wall-time cap hit after 217 generations (conv_count=300 not reached)
[cea] wall-time cap hit after 211 generations (conv_count=300 not reached)
[cea] wall-time cap hit after 207 generations (conv_count=300 not reached)
[cea] wall-time cap hit after 114 generations (conv_count=300 not reached)
[cea] wall-time cap hit after 134 generations (conv_count=300 not reached)
[cea] wall-time cap hit after 96 generations (conv_count=300 not reached)
Processing problems/20_50/12_1778535813465.json
[cea] wall-time cap hit after 125 generations (conv_count=300 not reached)
[cea] wall-time cap hit after 115 generations (conv_count=300 not reached)
[cea] wall-time cap hit after 136 generations (conv_count=300 not reached)
[cea] wall-time cap hit after 215 generations (conv_count=300 not reached)
[cea] wall-time cap hit after 198 generations (conv_count=300 not reached)
[cea] wall-time cap hit after 229 generations (conv_count=300 not reached)
[cea] wall-time cap hit after 106 generations (conv_count=300 not reached)
[cea] wall-time cap hit after 102 generations (conv_count=300 not reached)
[cea] wall-time cap hit after 111 generations (conv_count=300 not reached)
Processing problems/20_50/11_1778535813465.json
[cea] wall-time cap hit after 175 generations (conv_count=300 not reached)
[cea] wall-time cap hit after 172 generations (conv_count=300 not reached)
[cea] wall-time cap hit after 172 generations (conv_count=300 not reached)
[cea] wall-time cap hit after 211 generations (conv_count=300 not reached)
[cea] wall-time cap hit after 204 generations (conv_count=300 not reached)
[cea] wall-time cap hit after 176 generations (conv_count=300 not reached)
[cea] wall-time cap hit after 114 generations (conv_count=300 not reached)
[cea] wall-time cap hit after 119 generations (conv_count=300 not reached)
[cea] wall-time cap hit after 112 generations (conv_count=300 not reached)
Processing problems/20_50/10_1778535813465.json
[cea] wall-time cap hit after 165 generations (conv_count=300 not reached)
[cea] wall-time cap hit after 171 generations (conv_count=300 not reached)
[cea] wall-time cap hit after 183 generations (conv_count=300 not reached)
[cea] wall-time cap hit after 271 generations (conv_count=300 not reached)
[cea] wall-time cap hit after 242 generations (conv_count=300 not reached)
[cea] wall-time cap hit after 244 generations (conv_count=300 not reached)
[cea] wall-time cap hit after 154 generations (conv_count=300 not reached)
[cea] wall-time cap hit after 156 generations (conv_count=300 not reached)
[cea] wall-time cap hit after 149 generations (conv_count=300 not reached)
Processing problems/20_50/0_1778535813465.json
[cea] wall-time cap hit after 174 generations (conv_count=300 not reached)
[cea] wall-time cap hit after 164 generations (conv_count=300 not reached)
[cea] wall-time cap hit after 175 generations (conv_count=300 not reached)
[cea] wall-time cap hit after 266 generations (conv_count=300 not reached)
[cea] wall-time cap hit after 271 generations (conv_count=300 not reached)
[cea] wall-time cap hit after 252 generations (conv_count=300 not reached)
[cea] wall-time cap hit after 121 generations (conv_count=300 not reached)
[cea] wall-time cap hit after 139 generations (conv_count=300 not reached)
[cea] wall-time cap hit after 116 generations (conv_count=300 not reached)
Saved 180 records to benchmark-results-cea-rust.json
[R05] 20_50 pass complete, copying results...
[R05] Results saved to /Users/srv/Git/KDP-Algoritmai/results/R05-20_50
[R05] All classes restored.
[R05] ===== 30_100  (HEURISTIC_REPETITIONS=2) =====
[R05] problems/ now contains only: 30_100

> kdp-algoritmai@1.0.0 start /Users/srv/Git/KDP-Algoritmai
> pnpm build && cd dist && node --max-old-space-size=12288 vrp.es.mjs


> kdp-algoritmai@1.0.0 build /Users/srv/Git/KDP-Algoritmai
> vite build

vite v7.2.0 building client environment for production...
transforming...
✓ 33 modules transformed.
rendering chunks...

[vite:dts] Start generate declaration files...
computing gzip size...
dist/index-xgqlYWm2.mjs                            0.88 kB │ gzip:  0.45 kB │ map:   4.31 kB
dist/tuneCea.es.mjs                                2.78 kB │ gzip:  1.27 kB │ map:   9.23 kB
dist/tunePsa.es.mjs                                2.98 kB │ gzip:  1.31 kB │ map:   9.85 kB
dist/vrp.es.mjs                                   10.74 kB │ gzip:  3.51 kB │ map:  37.46 kB
dist/greatCircleDistanceCalculator-B1xbCdPL.mjs  151.77 kB │ gzip: 40.28 kB │ map: 433.23 kB
[vite:dts] Declaration files built in 340ms.

[vite-plugin-static-copy] Copied 1 items.
✓ built in 520ms
Skipping algorithms: brute-force-rust, lb-lp

========================================
Starting benchmark for: lb-direct
========================================
Processing problems/30_100/9_1778535813465.json
Processing problems/30_100/8_1778535813465.json
Processing problems/30_100/7_1778535813465.json
Processing problems/30_100/6_1778535813465.json
Processing problems/30_100/5_1778535813465.json
Processing problems/30_100/4_1778535813465.json
Processing problems/30_100/3_1778535813465.json
Processing problems/30_100/2_1778535813465.json
Processing problems/30_100/1_1778535813465.json
Processing problems/30_100/19_1778535813465.json
Processing problems/30_100/18_1778535813465.json
Processing problems/30_100/17_1778535813465.json
Processing problems/30_100/16_1778535813465.json
Processing problems/30_100/15_1778535813465.json
Processing problems/30_100/14_1778535813465.json
Processing problems/30_100/13_1778535813465.json
Processing problems/30_100/12_1778535813465.json
Processing problems/30_100/11_1778535813465.json
Processing problems/30_100/10_1778535813465.json
Processing problems/30_100/0_1778535813465.json
Saved 60 records to benchmark-results-lb-direct.json

========================================
Starting benchmark for: milp-rust
========================================
Processing problems/30_100/9_1778535813465.json
milp-rust: timed out on 30v×100o target=DISTANCE after 60000ms — recording best primal incumbent
milp-rust: timed out on 30v×100o target=PRICE after 60000ms — recording best primal incumbent
Processing problems/30_100/8_1778535813465.json
milp-rust: timed out on 30v×100o target=DISTANCE after 60000ms — recording best primal incumbent
milp-rust: timed out on 30v×100o target=PRICE after 60000ms — recording best primal incumbent
Processing problems/30_100/7_1778535813465.json
milp-rust: timed out on 30v×100o target=DISTANCE after 60000ms — recording best primal incumbent
milp-rust: timed out on 30v×100o target=PRICE after 60000ms — recording best primal incumbent
Processing problems/30_100/6_1778535813465.json
milp-rust: timed out on 30v×100o target=DISTANCE after 60000ms — recording best primal incumbent
milp-rust: timed out on 30v×100o target=PRICE after 60000ms — recording best primal incumbent
Processing problems/30_100/5_1778535813465.json
milp-rust: timed out on 30v×100o target=DISTANCE after 60000ms — recording best primal incumbent
milp-rust: timed out on 30v×100o target=PRICE after 60000ms — recording best primal incumbent
Processing problems/30_100/4_1778535813465.json
milp-rust: timed out on 30v×100o target=DISTANCE after 60000ms — recording best primal incumbent
milp-rust: timed out on 30v×100o target=PRICE after 60000ms — recording best primal incumbent
Processing problems/30_100/3_1778535813465.json
milp-rust: timed out on 30v×100o target=DISTANCE after 60000ms — recording best primal incumbent
milp-rust: timed out on 30v×100o target=PRICE after 60000ms — recording best primal incumbent
Processing problems/30_100/2_1778535813465.json
milp-rust: timed out on 30v×100o target=DISTANCE after 60000ms — recording best primal incumbent
milp-rust: timed out on 30v×100o target=PRICE after 60000ms — recording best primal incumbent
Processing problems/30_100/1_1778535813465.json
milp-rust: timed out on 30v×100o target=DISTANCE after 60000ms — recording best primal incumbent
milp-rust: timed out on 30v×100o target=PRICE after 60000ms — recording best primal incumbent
Processing problems/30_100/19_1778535813465.json
milp-rust: timed out on 30v×100o target=DISTANCE after 60000ms — recording best primal incumbent
milp-rust: timed out on 30v×100o target=PRICE after 60000ms — recording best primal incumbent
Processing problems/30_100/18_1778535813465.json
milp-rust: timed out on 30v×100o target=DISTANCE after 60000ms — recording best primal incumbent
milp-rust: timed out on 30v×100o target=PRICE after 60000ms — recording best primal incumbent
Processing problems/30_100/17_1778535813465.json
milp-rust: timed out on 30v×100o target=DISTANCE after 60000ms — recording best primal incumbent
milp-rust: timed out on 30v×100o target=PRICE after 60000ms — recording best primal incumbent
Processing problems/30_100/16_1778535813465.json
milp-rust: timed out on 30v×100o target=DISTANCE after 60000ms — recording best primal incumbent
milp-rust: timed out on 30v×100o target=PRICE after 60000ms — recording best primal incumbent
Processing problems/30_100/15_1778535813465.json
milp-rust: timed out on 30v×100o target=DISTANCE after 60000ms — recording best primal incumbent
milp-rust: timed out on 30v×100o target=PRICE after 60000ms — recording best primal incumbent
Processing problems/30_100/14_1778535813465.json
milp-rust: timed out on 30v×100o target=DISTANCE after 60000ms — recording best primal incumbent
milp-rust: timed out on 30v×100o target=PRICE after 60000ms — recording best primal incumbent
Processing problems/30_100/13_1778535813465.json
milp-rust: timed out on 30v×100o target=DISTANCE after 60000ms — recording best primal incumbent
milp-rust: timed out on 30v×100o target=PRICE after 60000ms — recording best primal incumbent
Processing problems/30_100/12_1778535813465.json
milp-rust: timed out on 30v×100o target=DISTANCE after 60000ms — recording best primal incumbent
milp-rust: timed out on 30v×100o target=PRICE after 60000ms — recording best primal incumbent
Processing problems/30_100/11_1778535813465.json
milp-rust: timed out on 30v×100o target=DISTANCE after 60000ms — recording best primal incumbent
milp-rust: timed out on 30v×100o target=PRICE after 60000ms — recording best primal incumbent
Processing problems/30_100/10_1778535813465.json
milp-rust: timed out on 30v×100o target=DISTANCE after 60000ms — recording best primal incumbent
milp-rust: timed out on 30v×100o target=PRICE after 60000ms — recording best primal incumbent
Processing problems/30_100/0_1778535813465.json
milp-rust: timed out on 30v×100o target=DISTANCE after 60000ms — recording best primal incumbent
milp-rust: timed out on 30v×100o target=PRICE after 60000ms — recording best primal incumbent
Saved 60 records to benchmark-results-milp-rust.json

========================================
Starting benchmark for: or-tools-cp-sat
========================================
Processing problems/30_100/9_1778535813465.json
or-tools-cp-sat: TIMEDOUT on 30v×100o target=DISTANCE after 60000ms — recording best incumbent
or-tools-cp-sat: TIMEDOUT on 30v×100o target=PRICE after 60000ms — recording best incumbent
Processing problems/30_100/8_1778535813465.json
or-tools-cp-sat: TIMEDOUT on 30v×100o target=DISTANCE after 60000ms — recording best incumbent
or-tools-cp-sat: TIMEDOUT on 30v×100o target=PRICE after 60000ms — recording best incumbent
Processing problems/30_100/7_1778535813465.json
or-tools-cp-sat: TIMEDOUT on 30v×100o target=DISTANCE after 60000ms — recording best incumbent
or-tools-cp-sat: TIMEDOUT on 30v×100o target=PRICE after 60000ms — recording best incumbent
Processing problems/30_100/6_1778535813465.json
or-tools-cp-sat: TIMEDOUT on 30v×100o target=DISTANCE after 60000ms — recording best incumbent
or-tools-cp-sat: TIMEDOUT on 30v×100o target=PRICE after 60000ms — recording best incumbent
Processing problems/30_100/5_1778535813465.json
or-tools-cp-sat: TIMEDOUT on 30v×100o target=DISTANCE after 60000ms — recording best incumbent
or-tools-cp-sat: TIMEDOUT on 30v×100o target=PRICE after 60000ms — recording best incumbent
Processing problems/30_100/4_1778535813465.json
or-tools-cp-sat: TIMEDOUT on 30v×100o target=DISTANCE after 60000ms — recording best incumbent
or-tools-cp-sat: TIMEDOUT on 30v×100o target=PRICE after 60000ms — recording best incumbent
Processing problems/30_100/3_1778535813465.json
or-tools-cp-sat: TIMEDOUT on 30v×100o target=DISTANCE after 60000ms — recording best incumbent
or-tools-cp-sat: TIMEDOUT on 30v×100o target=PRICE after 60000ms — recording best incumbent
Processing problems/30_100/2_1778535813465.json
or-tools-cp-sat: TIMEDOUT on 30v×100o target=DISTANCE after 60000ms — recording best incumbent
or-tools-cp-sat: TIMEDOUT on 30v×100o target=PRICE after 60000ms — recording best incumbent
Processing problems/30_100/1_1778535813465.json
or-tools-cp-sat: TIMEDOUT on 30v×100o target=DISTANCE after 60000ms — recording best incumbent
or-tools-cp-sat: TIMEDOUT on 30v×100o target=PRICE after 60000ms — recording best incumbent
Processing problems/30_100/19_1778535813465.json
or-tools-cp-sat: TIMEDOUT on 30v×100o target=DISTANCE after 60000ms — recording best incumbent
or-tools-cp-sat: TIMEDOUT on 30v×100o target=PRICE after 60000ms — recording best incumbent
Processing problems/30_100/18_1778535813465.json
or-tools-cp-sat: TIMEDOUT on 30v×100o target=DISTANCE after 60000ms — recording best incumbent
or-tools-cp-sat: TIMEDOUT on 30v×100o target=PRICE after 60000ms — recording best incumbent
Processing problems/30_100/17_1778535813465.json
or-tools-cp-sat: TIMEDOUT on 30v×100o target=DISTANCE after 60000ms — recording best incumbent
or-tools-cp-sat: TIMEDOUT on 30v×100o target=PRICE after 60000ms — recording best incumbent
Processing problems/30_100/16_1778535813465.json
or-tools-cp-sat: TIMEDOUT on 30v×100o target=DISTANCE after 60000ms — recording best incumbent
or-tools-cp-sat: TIMEDOUT on 30v×100o target=PRICE after 60000ms — recording best incumbent
Processing problems/30_100/15_1778535813465.json
or-tools-cp-sat: TIMEDOUT on 30v×100o target=DISTANCE after 60000ms — recording best incumbent
or-tools-cp-sat: TIMEDOUT on 30v×100o target=PRICE after 60000ms — recording best incumbent
Processing problems/30_100/14_1778535813465.json
or-tools-cp-sat: TIMEDOUT on 30v×100o target=DISTANCE after 60000ms — recording best incumbent
or-tools-cp-sat: TIMEDOUT on 30v×100o target=PRICE after 60000ms — recording best incumbent
Processing problems/30_100/13_1778535813465.json
or-tools-cp-sat: TIMEDOUT on 30v×100o target=DISTANCE after 60000ms — recording best incumbent
or-tools-cp-sat: TIMEDOUT on 30v×100o target=PRICE after 60000ms — recording best incumbent
Processing problems/30_100/12_1778535813465.json
or-tools-cp-sat: TIMEDOUT on 30v×100o target=DISTANCE after 60000ms — recording best incumbent
or-tools-cp-sat: TIMEDOUT on 30v×100o target=PRICE after 60000ms — recording best incumbent
Processing problems/30_100/11_1778535813465.json
or-tools-cp-sat: TIMEDOUT on 30v×100o target=DISTANCE after 60000ms — recording best incumbent
or-tools-cp-sat: TIMEDOUT on 30v×100o target=PRICE after 60000ms — recording best incumbent
Processing problems/30_100/10_1778535813465.json
or-tools-cp-sat: TIMEDOUT on 30v×100o target=DISTANCE after 60000ms — recording best incumbent
or-tools-cp-sat: TIMEDOUT on 30v×100o target=PRICE after 60000ms — recording best incumbent
Processing problems/30_100/0_1778535813465.json
or-tools-cp-sat: TIMEDOUT on 30v×100o target=DISTANCE after 60000ms — recording best incumbent
or-tools-cp-sat: TIMEDOUT on 30v×100o target=PRICE after 60000ms — recording best incumbent
Saved 60 records to benchmark-results-or-tools-cp-sat.json

========================================
Starting benchmark for: or-tools-routing
========================================
Processing problems/30_100/9_1778535813465.json
Processing problems/30_100/8_1778535813465.json
Processing problems/30_100/7_1778535813465.json
Processing problems/30_100/6_1778535813465.json
Processing problems/30_100/5_1778535813465.json
Processing problems/30_100/4_1778535813465.json
Processing problems/30_100/3_1778535813465.json
Processing problems/30_100/2_1778535813465.json
Processing problems/30_100/1_1778535813465.json
Processing problems/30_100/19_1778535813465.json
Processing problems/30_100/18_1778535813465.json
Processing problems/30_100/17_1778535813465.json
Processing problems/30_100/16_1778535813465.json
Processing problems/30_100/15_1778535813465.json
Processing problems/30_100/14_1778535813465.json
Processing problems/30_100/13_1778535813465.json
Processing problems/30_100/12_1778535813465.json
Processing problems/30_100/11_1778535813465.json
Processing problems/30_100/10_1778535813465.json
Processing problems/30_100/0_1778535813465.json
Saved 60 records to benchmark-results-or-tools-routing.json

========================================
Starting benchmark for: p-sa-rust
========================================
Processing problems/30_100/9_1778535813465.json
Processing problems/30_100/8_1778535813465.json
Processing problems/30_100/7_1778535813465.json
Processing problems/30_100/6_1778535813465.json
Processing problems/30_100/5_1778535813465.json
Processing problems/30_100/4_1778535813465.json
Processing problems/30_100/3_1778535813465.json
Processing problems/30_100/2_1778535813465.json
Processing problems/30_100/1_1778535813465.json
Processing problems/30_100/19_1778535813465.json
Processing problems/30_100/18_1778535813465.json
Processing problems/30_100/17_1778535813465.json
Processing problems/30_100/16_1778535813465.json
Processing problems/30_100/15_1778535813465.json
Processing problems/30_100/14_1778535813465.json
Processing problems/30_100/13_1778535813465.json
Processing problems/30_100/12_1778535813465.json
Processing problems/30_100/11_1778535813465.json
Processing problems/30_100/10_1778535813465.json
Processing problems/30_100/0_1778535813465.json
Saved 120 records to benchmark-results-p-sa-rust.json

========================================
Starting benchmark for: cea-rust
========================================
Processing problems/30_100/9_1778535813465.json
[cea] wall-time cap hit after 24 generations (conv_count=300 not reached)
[cea] wall-time cap hit after 25 generations (conv_count=300 not reached)
[cea] wall-time cap hit after 37 generations (conv_count=300 not reached)
[cea] wall-time cap hit after 36 generations (conv_count=300 not reached)
[cea] wall-time cap hit after 26 generations (conv_count=300 not reached)
[cea] wall-time cap hit after 25 generations (conv_count=300 not reached)
Processing problems/30_100/8_1778535813465.json
[cea] wall-time cap hit after 28 generations (conv_count=300 not reached)
[cea] wall-time cap hit after 27 generations (conv_count=300 not reached)
[cea] wall-time cap hit after 37 generations (conv_count=300 not reached)
[cea] wall-time cap hit after 36 generations (conv_count=300 not reached)
[cea] wall-time cap hit after 25 generations (conv_count=300 not reached)
[cea] wall-time cap hit after 27 generations (conv_count=300 not reached)
Processing problems/30_100/7_1778535813465.json
[cea] wall-time cap hit after 25 generations (conv_count=300 not reached)
[cea] wall-time cap hit after 24 generations (conv_count=300 not reached)
[cea] wall-time cap hit after 36 generations (conv_count=300 not reached)
[cea] wall-time cap hit after 37 generations (conv_count=300 not reached)
[cea] wall-time cap hit after 28 generations (conv_count=300 not reached)
[cea] wall-time cap hit after 27 generations (conv_count=300 not reached)
Processing problems/30_100/6_1778535813465.json
[cea] wall-time cap hit after 24 generations (conv_count=300 not reached)
[cea] wall-time cap hit after 23 generations (conv_count=300 not reached)
[cea] wall-time cap hit after 35 generations (conv_count=300 not reached)
[cea] wall-time cap hit after 35 generations (conv_count=300 not reached)
[cea] wall-time cap hit after 23 generations (conv_count=300 not reached)
[cea] wall-time cap hit after 24 generations (conv_count=300 not reached)
Processing problems/30_100/5_1778535813465.json
[cea] wall-time cap hit after 25 generations (conv_count=300 not reached)
[cea] wall-time cap hit after 26 generations (conv_count=300 not reached)
[cea] wall-time cap hit after 32 generations (conv_count=300 not reached)
[cea] wall-time cap hit after 33 generations (conv_count=300 not reached)
[cea] wall-time cap hit after 23 generations (conv_count=300 not reached)
[cea] wall-time cap hit after 24 generations (conv_count=300 not reached)
Processing problems/30_100/4_1778535813465.json
[cea] wall-time cap hit after 26 generations (conv_count=300 not reached)
[cea] wall-time cap hit after 27 generations (conv_count=300 not reached)
[cea] wall-time cap hit after 33 generations (conv_count=300 not reached)
[cea] wall-time cap hit after 35 generations (conv_count=300 not reached)
[cea] wall-time cap hit after 20 generations (conv_count=300 not reached)
[cea] wall-time cap hit after 20 generations (conv_count=300 not reached)
Processing problems/30_100/3_1778535813465.json
[cea] wall-time cap hit after 28 generations (conv_count=300 not reached)
[cea] wall-time cap hit after 30 generations (conv_count=300 not reached)
[cea] wall-time cap hit after 38 generations (conv_count=300 not reached)
[cea] wall-time cap hit after 39 generations (conv_count=300 not reached)
[cea] wall-time cap hit after 25 generations (conv_count=300 not reached)
[cea] wall-time cap hit after 25 generations (conv_count=300 not reached)
Processing problems/30_100/2_1778535813465.json
[cea] wall-time cap hit after 24 generations (conv_count=300 not reached)
[cea] wall-time cap hit after 26 generations (conv_count=300 not reached)
[cea] wall-time cap hit after 35 generations (conv_count=300 not reached)
[cea] wall-time cap hit after 36 generations (conv_count=300 not reached)
[cea] wall-time cap hit after 22 generations (conv_count=300 not reached)
[cea] wall-time cap hit after 22 generations (conv_count=300 not reached)
Processing problems/30_100/1_1778535813465.json
[cea] wall-time cap hit after 26 generations (conv_count=300 not reached)
[cea] wall-time cap hit after 25 generations (conv_count=300 not reached)
[cea] wall-time cap hit after 36 generations (conv_count=300 not reached)
[cea] wall-time cap hit after 37 generations (conv_count=300 not reached)
[cea] wall-time cap hit after 16 generations (conv_count=300 not reached)
[cea] wall-time cap hit after 16 generations (conv_count=300 not reached)
Processing problems/30_100/19_1778535813465.json
[cea] wall-time cap hit after 25 generations (conv_count=300 not reached)
[cea] wall-time cap hit after 25 generations (conv_count=300 not reached)
[cea] wall-time cap hit after 36 generations (conv_count=300 not reached)
[cea] wall-time cap hit after 35 generations (conv_count=300 not reached)
[cea] wall-time cap hit after 22 generations (conv_count=300 not reached)
[cea] wall-time cap hit after 20 generations (conv_count=300 not reached)
Processing problems/30_100/18_1778535813465.json
[cea] wall-time cap hit after 27 generations (conv_count=300 not reached)
[cea] wall-time cap hit after 27 generations (conv_count=300 not reached)
[cea] wall-time cap hit after 33 generations (conv_count=300 not reached)
[cea] wall-time cap hit after 33 generations (conv_count=300 not reached)
[cea] wall-time cap hit after 21 generations (conv_count=300 not reached)
[cea] wall-time cap hit after 23 generations (conv_count=300 not reached)
Processing problems/30_100/17_1778535813465.json
[cea] wall-time cap hit after 27 generations (conv_count=300 not reached)
[cea] wall-time cap hit after 27 generations (conv_count=300 not reached)
[cea] wall-time cap hit after 34 generations (conv_count=300 not reached)
[cea] wall-time cap hit after 34 generations (conv_count=300 not reached)
[cea] wall-time cap hit after 25 generations (conv_count=300 not reached)
[cea] wall-time cap hit after 27 generations (conv_count=300 not reached)
Processing problems/30_100/16_1778535813465.json
[cea] wall-time cap hit after 28 generations (conv_count=300 not reached)
[cea] wall-time cap hit after 27 generations (conv_count=300 not reached)
[cea] wall-time cap hit after 32 generations (conv_count=300 not reached)
[cea] wall-time cap hit after 32 generations (conv_count=300 not reached)
[cea] wall-time cap hit after 27 generations (conv_count=300 not reached)
[cea] wall-time cap hit after 26 generations (conv_count=300 not reached)
Processing problems/30_100/15_1778535813465.json
[cea] wall-time cap hit after 26 generations (conv_count=300 not reached)
[cea] wall-time cap hit after 27 generations (conv_count=300 not reached)
[cea] wall-time cap hit after 38 generations (conv_count=300 not reached)
[cea] wall-time cap hit after 41 generations (conv_count=300 not reached)
[cea] wall-time cap hit after 19 generations (conv_count=300 not reached)
[cea] wall-time cap hit after 21 generations (conv_count=300 not reached)
Processing problems/30_100/14_1778535813465.json
[cea] wall-time cap hit after 22 generations (conv_count=300 not reached)
[cea] wall-time cap hit after 21 generations (conv_count=300 not reached)
[cea] wall-time cap hit after 34 generations (conv_count=300 not reached)
[cea] wall-time cap hit after 34 generations (conv_count=300 not reached)
[cea] wall-time cap hit after 20 generations (conv_count=300 not reached)
[cea] wall-time cap hit after 21 generations (conv_count=300 not reached)
Processing problems/30_100/13_1778535813465.json
[cea] wall-time cap hit after 27 generations (conv_count=300 not reached)
[cea] wall-time cap hit after 29 generations (conv_count=300 not reached)
[cea] wall-time cap hit after 33 generations (conv_count=300 not reached)
[cea] wall-time cap hit after 33 generations (conv_count=300 not reached)
[cea] wall-time cap hit after 23 generations (conv_count=300 not reached)
[cea] wall-time cap hit after 25 generations (conv_count=300 not reached)
Processing problems/30_100/12_1778535813465.json
[cea] wall-time cap hit after 23 generations (conv_count=300 not reached)
[cea] wall-time cap hit after 24 generations (conv_count=300 not reached)
[cea] wall-time cap hit after 34 generations (conv_count=300 not reached)
[cea] wall-time cap hit after 33 generations (conv_count=300 not reached)
[cea] wall-time cap hit after 20 generations (conv_count=300 not reached)
[cea] wall-time cap hit after 20 generations (conv_count=300 not reached)
Processing problems/30_100/11_1778535813465.json
[cea] wall-time cap hit after 28 generations (conv_count=300 not reached)
[cea] wall-time cap hit after 27 generations (conv_count=300 not reached)
[cea] wall-time cap hit after 34 generations (conv_count=300 not reached)
[cea] wall-time cap hit after 32 generations (conv_count=300 not reached)
[cea] wall-time cap hit after 24 generations (conv_count=300 not reached)
[cea] wall-time cap hit after 22 generations (conv_count=300 not reached)
Processing problems/30_100/10_1778535813465.json
[cea] wall-time cap hit after 25 generations (conv_count=300 not reached)
[cea] wall-time cap hit after 26 generations (conv_count=300 not reached)
[cea] wall-time cap hit after 33 generations (conv_count=300 not reached)
[cea] wall-time cap hit after 34 generations (conv_count=300 not reached)
[cea] wall-time cap hit after 22 generations (conv_count=300 not reached)
[cea] wall-time cap hit after 20 generations (conv_count=300 not reached)
Processing problems/30_100/0_1778535813465.json
[cea] wall-time cap hit after 28 generations (conv_count=300 not reached)
[cea] wall-time cap hit after 26 generations (conv_count=300 not reached)
[cea] wall-time cap hit after 33 generations (conv_count=300 not reached)
[cea] wall-time cap hit after 31 generations (conv_count=300 not reached)
[cea] wall-time cap hit after 20 generations (conv_count=300 not reached)
[cea] wall-time cap hit after 21 generations (conv_count=300 not reached)
Saved 120 records to benchmark-results-cea-rust.json
[R05] 30_100 pass complete, copying results...
[R05] Results saved to /Users/srv/Git/KDP-Algoritmai/results/R05-30_100
[R05] All classes restored.
[R05] ===== 50_200  (HEURISTIC_REPETITIONS=1) =====
[R05] problems/ now contains only: 50_200

> kdp-algoritmai@1.0.0 start /Users/srv/Git/KDP-Algoritmai
> pnpm build && cd dist && node --max-old-space-size=12288 vrp.es.mjs


> kdp-algoritmai@1.0.0 build /Users/srv/Git/KDP-Algoritmai
> vite build

vite v7.2.0 building client environment for production...
transforming...
✓ 33 modules transformed.
rendering chunks...

[vite:dts] Start generate declaration files...
computing gzip size...
dist/index-xgqlYWm2.mjs                            0.88 kB │ gzip:  0.45 kB │ map:   4.31 kB
dist/tuneCea.es.mjs                                2.78 kB │ gzip:  1.27 kB │ map:   9.23 kB
dist/tunePsa.es.mjs                                2.98 kB │ gzip:  1.31 kB │ map:   9.85 kB
dist/vrp.es.mjs                                   10.74 kB │ gzip:  3.51 kB │ map:  37.46 kB
dist/greatCircleDistanceCalculator-B1xbCdPL.mjs  151.77 kB │ gzip: 40.28 kB │ map: 433.23 kB
[vite:dts] Declaration files built in 363ms.

[vite-plugin-static-copy] Copied 1 items.
✓ built in 535ms
Skipping algorithms: brute-force-rust, lb-lp, milp-rust, or-tools-cp-sat

========================================
Starting benchmark for: lb-direct
========================================
Processing problems/50_200/9_1778535813465.json
Processing problems/50_200/8_1778535813465.json
Processing problems/50_200/7_1778535813465.json
Processing problems/50_200/6_1778535813465.json
Processing problems/50_200/5_1778535813465.json
Processing problems/50_200/4_1778535813465.json
Processing problems/50_200/3_1778535813465.json
Processing problems/50_200/2_1778535813465.json
Processing problems/50_200/1_1778535813465.json
Processing problems/50_200/19_1778535813465.json
Processing problems/50_200/18_1778535813465.json
Processing problems/50_200/17_1778535813465.json
Processing problems/50_200/16_1778535813465.json
Processing problems/50_200/15_1778535813465.json
Processing problems/50_200/14_1778535813465.json
Processing problems/50_200/13_1778535813465.json
Processing problems/50_200/12_1778535813465.json
Processing problems/50_200/11_1778535813465.json
Processing problems/50_200/10_1778535813465.json
Processing problems/50_200/0_1778535813465.json
Saved 60 records to benchmark-results-lb-direct.json

========================================
Starting benchmark for: or-tools-routing
========================================
Processing problems/50_200/9_1778535813465.json
Processing problems/50_200/8_1778535813465.json
Processing problems/50_200/7_1778535813465.json
Processing problems/50_200/6_1778535813465.json
Processing problems/50_200/5_1778535813465.json
Processing problems/50_200/4_1778535813465.json
Processing problems/50_200/3_1778535813465.json
Processing problems/50_200/2_1778535813465.json
Processing problems/50_200/1_1778535813465.json
Processing problems/50_200/19_1778535813465.json
Processing problems/50_200/18_1778535813465.json
Processing problems/50_200/17_1778535813465.json
Processing problems/50_200/16_1778535813465.json
Processing problems/50_200/15_1778535813465.json
Processing problems/50_200/14_1778535813465.json
Processing problems/50_200/13_1778535813465.json
Processing problems/50_200/12_1778535813465.json
Processing problems/50_200/11_1778535813465.json
Processing problems/50_200/10_1778535813465.json
Processing problems/50_200/0_1778535813465.json
Saved 60 records to benchmark-results-or-tools-routing.json

========================================
Starting benchmark for: p-sa-rust
========================================
Processing problems/50_200/9_1778535813465.json
Processing problems/50_200/8_1778535813465.json
Processing problems/50_200/7_1778535813465.json
Processing problems/50_200/6_1778535813465.json
Processing problems/50_200/5_1778535813465.json
Processing problems/50_200/4_1778535813465.json
Processing problems/50_200/3_1778535813465.json
Processing problems/50_200/2_1778535813465.json
Processing problems/50_200/1_1778535813465.json
Processing problems/50_200/19_1778535813465.json
Processing problems/50_200/18_1778535813465.json
Processing problems/50_200/17_1778535813465.json
Processing problems/50_200/16_1778535813465.json
Processing problems/50_200/15_1778535813465.json
Processing problems/50_200/14_1778535813465.json
Processing problems/50_200/13_1778535813465.json
Processing problems/50_200/12_1778535813465.json
Processing problems/50_200/11_1778535813465.json
Processing problems/50_200/10_1778535813465.json
Processing problems/50_200/0_1778535813465.json
Saved 60 records to benchmark-results-p-sa-rust.json

========================================
Starting benchmark for: cea-rust
========================================
Processing problems/50_200/9_1778535813465.json
[cea] wall-time cap hit after 3 generations (conv_count=300 not reached)
[cea] wall-time cap hit after 5 generations (conv_count=300 not reached)
[cea] wall-time cap hit after 4 generations (conv_count=300 not reached)
Processing problems/50_200/8_1778535813465.json
[cea] wall-time cap hit after 4 generations (conv_count=300 not reached)
[cea] wall-time cap hit after 6 generations (conv_count=300 not reached)
[cea] wall-time cap hit after 5 generations (conv_count=300 not reached)
Processing problems/50_200/7_1778535813465.json
[cea] wall-time cap hit after 4 generations (conv_count=300 not reached)
[cea] wall-time cap hit after 6 generations (conv_count=300 not reached)
[cea] wall-time cap hit after 5 generations (conv_count=300 not reached)
Processing problems/50_200/6_1778535813465.json
[cea] wall-time cap hit after 4 generations (conv_count=300 not reached)
[cea] wall-time cap hit after 5 generations (conv_count=300 not reached)
[cea] wall-time cap hit after 4 generations (conv_count=300 not reached)
Processing problems/50_200/5_1778535813465.json
[cea] wall-time cap hit after 3 generations (conv_count=300 not reached)
[cea] wall-time cap hit after 5 generations (conv_count=300 not reached)
[cea] wall-time cap hit after 4 generations (conv_count=300 not reached)
Processing problems/50_200/4_1778535813465.json
[cea] wall-time cap hit after 5 generations (conv_count=300 not reached)
[cea] wall-time cap hit after 5 generations (conv_count=300 not reached)
[cea] wall-time cap hit after 4 generations (conv_count=300 not reached)
Processing problems/50_200/3_1778535813465.json
[cea] wall-time cap hit after 4 generations (conv_count=300 not reached)
[cea] wall-time cap hit after 6 generations (conv_count=300 not reached)
[cea] wall-time cap hit after 5 generations (conv_count=300 not reached)
Processing problems/50_200/2_1778535813465.json
[cea] wall-time cap hit after 4 generations (conv_count=300 not reached)
[cea] wall-time cap hit after 6 generations (conv_count=300 not reached)
[cea] wall-time cap hit after 5 generations (conv_count=300 not reached)
Processing problems/50_200/1_1778535813465.json
[cea] wall-time cap hit after 4 generations (conv_count=300 not reached)
[cea] wall-time cap hit after 5 generations (conv_count=300 not reached)
[cea] wall-time cap hit after 5 generations (conv_count=300 not reached)
Processing problems/50_200/19_1778535813465.json
[cea] wall-time cap hit after 4 generations (conv_count=300 not reached)
[cea] wall-time cap hit after 6 generations (conv_count=300 not reached)
[cea] wall-time cap hit after 4 generations (conv_count=300 not reached)
Processing problems/50_200/18_1778535813465.json
[cea] wall-time cap hit after 4 generations (conv_count=300 not reached)
[cea] wall-time cap hit after 6 generations (conv_count=300 not reached)
[cea] wall-time cap hit after 4 generations (conv_count=300 not reached)
Processing problems/50_200/17_1778535813465.json
[cea] wall-time cap hit after 4 generations (conv_count=300 not reached)
[cea] wall-time cap hit after 6 generations (conv_count=300 not reached)
[cea] wall-time cap hit after 5 generations (conv_count=300 not reached)
Processing problems/50_200/16_1778535813465.json
[cea] wall-time cap hit after 4 generations (conv_count=300 not reached)
[cea] wall-time cap hit after 6 generations (conv_count=300 not reached)
[cea] wall-time cap hit after 4 generations (conv_count=300 not reached)
Processing problems/50_200/15_1778535813465.json
[cea] wall-time cap hit after 4 generations (conv_count=300 not reached)
[cea] wall-time cap hit after 6 generations (conv_count=300 not reached)
[cea] wall-time cap hit after 5 generations (conv_count=300 not reached)
Processing problems/50_200/14_1778535813465.json
[cea] wall-time cap hit after 4 generations (conv_count=300 not reached)
[cea] wall-time cap hit after 6 generations (conv_count=300 not reached)
[cea] wall-time cap hit after 4 generations (conv_count=300 not reached)
Processing problems/50_200/13_1778535813465.json
[cea] wall-time cap hit after 4 generations (conv_count=300 not reached)
[cea] wall-time cap hit after 6 generations (conv_count=300 not reached)
[cea] wall-time cap hit after 5 generations (conv_count=300 not reached)
Processing problems/50_200/12_1778535813465.json
[cea] wall-time cap hit after 4 generations (conv_count=300 not reached)
[cea] wall-time cap hit after 6 generations (conv_count=300 not reached)
[cea] wall-time cap hit after 4 generations (conv_count=300 not reached)
Processing problems/50_200/11_1778535813465.json
[cea] wall-time cap hit after 4 generations (conv_count=300 not reached)
[cea] wall-time cap hit after 6 generations (conv_count=300 not reached)
[cea] wall-time cap hit after 5 generations (conv_count=300 not reached)
Processing problems/50_200/10_1778535813465.json
[cea] wall-time cap hit after 4 generations (conv_count=300 not reached)
[cea] wall-time cap hit after 5 generations (conv_count=300 not reached)
[cea] wall-time cap hit after 5 generations (conv_count=300 not reached)
Processing problems/50_200/0_1778535813465.json
[cea] wall-time cap hit after 3 generations (conv_count=300 not reached)
[cea] wall-time cap hit after 6 generations (conv_count=300 not reached)
[cea] wall-time cap hit after 5 generations (conv_count=300 not reached)
Saved 60 records to benchmark-results-cea-rust.json
[R05] 50_200 pass complete, copying results...
[R05] Results saved to /Users/srv/Git/KDP-Algoritmai/results/R05-50_200
[R05] All classes restored.
[R05] ===== 100_500  (HEURISTIC_REPETITIONS=1) =====
[R05] problems/ now contains only: 100_500

> kdp-algoritmai@1.0.0 start /Users/srv/Git/KDP-Algoritmai
> pnpm build && cd dist && node --max-old-space-size=12288 vrp.es.mjs


> kdp-algoritmai@1.0.0 build /Users/srv/Git/KDP-Algoritmai
> vite build

vite v7.2.0 building client environment for production...
transforming...
✓ 33 modules transformed.
rendering chunks...

[vite:dts] Start generate declaration files...
computing gzip size...
dist/index-xgqlYWm2.mjs                            0.88 kB │ gzip:  0.45 kB │ map:   4.31 kB
dist/tuneCea.es.mjs                                2.78 kB │ gzip:  1.27 kB │ map:   9.23 kB
dist/tunePsa.es.mjs                                2.98 kB │ gzip:  1.31 kB │ map:   9.85 kB
dist/vrp.es.mjs                                   10.74 kB │ gzip:  3.51 kB │ map:  37.46 kB
dist/greatCircleDistanceCalculator-B1xbCdPL.mjs  151.77 kB │ gzip: 40.28 kB │ map: 433.23 kB
[vite:dts] Declaration files built in 300ms.

[vite-plugin-static-copy] Copied 1 items.
✓ built in 469ms
Skipping algorithms: brute-force-rust, lb-lp, milp-rust, or-tools-cp-sat

========================================
Starting benchmark for: lb-direct
========================================
Processing problems/100_500/9_1778535813465.json
Processing problems/100_500/8_1778535813465.json
Processing problems/100_500/7_1778535813465.json
Processing problems/100_500/6_1778535813465.json
Processing problems/100_500/5_1778535813465.json
Processing problems/100_500/4_1778535813465.json
Processing problems/100_500/3_1778535813465.json
Processing problems/100_500/2_1778535813465.json
Processing problems/100_500/1_1778535813465.json
Processing problems/100_500/19_1778535813465.json
Processing problems/100_500/18_1778535813465.json
Processing problems/100_500/17_1778535813465.json
Processing problems/100_500/16_1778535813465.json
Processing problems/100_500/15_1778535813465.json
Processing problems/100_500/14_1778535813465.json
Processing problems/100_500/13_1778535813465.json
Processing problems/100_500/12_1778535813465.json
Processing problems/100_500/11_1778535813465.json
Processing problems/100_500/10_1778535813465.json
Processing problems/100_500/0_1778535813465.json
Saved 60 records to benchmark-results-lb-direct.json

========================================
Starting benchmark for: or-tools-routing
========================================
Processing problems/100_500/9_1778535813465.json
Processing problems/100_500/8_1778535813465.json
Processing problems/100_500/7_1778535813465.json
Processing problems/100_500/6_1778535813465.json
Processing problems/100_500/5_1778535813465.json
Processing problems/100_500/4_1778535813465.json
Processing problems/100_500/3_1778535813465.json
Processing problems/100_500/2_1778535813465.json
Processing problems/100_500/1_1778535813465.json
Processing problems/100_500/19_1778535813465.json
Processing problems/100_500/18_1778535813465.json
Processing problems/100_500/17_1778535813465.json
Processing problems/100_500/16_1778535813465.json
Processing problems/100_500/15_1778535813465.json
Processing problems/100_500/14_1778535813465.json
Processing problems/100_500/13_1778535813465.json
Processing problems/100_500/12_1778535813465.json
Processing problems/100_500/11_1778535813465.json
Processing problems/100_500/10_1778535813465.json
Processing problems/100_500/0_1778535813465.json
Saved 60 records to benchmark-results-or-tools-routing.json

========================================
Starting benchmark for: p-sa-rust
========================================
Processing problems/100_500/9_1778535813465.json
Processing problems/100_500/8_1778535813465.json
Processing problems/100_500/7_1778535813465.json
Processing problems/100_500/6_1778535813465.json
Processing problems/100_500/5_1778535813465.json
Processing problems/100_500/4_1778535813465.json
Processing problems/100_500/3_1778535813465.json
Processing problems/100_500/2_1778535813465.json
Processing problems/100_500/1_1778535813465.json
Processing problems/100_500/19_1778535813465.json
Processing problems/100_500/18_1778535813465.json
Processing problems/100_500/17_1778535813465.json
Processing problems/100_500/16_1778535813465.json
Processing problems/100_500/15_1778535813465.json
Processing problems/100_500/14_1778535813465.json
Processing problems/100_500/13_1778535813465.json
Processing problems/100_500/12_1778535813465.json
Processing problems/100_500/11_1778535813465.json
Processing problems/100_500/10_1778535813465.json
Processing problems/100_500/0_1778535813465.json
Saved 60 records to benchmark-results-p-sa-rust.json

========================================
Starting benchmark for: cea-rust
========================================
Processing problems/100_500/9_1778535813465.json
[cea] wall-time cap hit after 1 generations (conv_count=300 not reached)
[cea] wall-time cap hit after 1 generations (conv_count=300 not reached)
[cea] wall-time cap hit after 1 generations (conv_count=300 not reached)
Processing problems/100_500/8_1778535813465.json
[cea] wall-time cap hit after 1 generations (conv_count=300 not reached)
[cea] wall-time cap hit after 1 generations (conv_count=300 not reached)
[cea] wall-time cap hit after 1 generations (conv_count=300 not reached)
Processing problems/100_500/7_1778535813465.json
[cea] wall-time cap hit after 1 generations (conv_count=300 not reached)
[cea] wall-time cap hit after 1 generations (conv_count=300 not reached)
[cea] wall-time cap hit after 1 generations (conv_count=300 not reached)
Processing problems/100_500/6_1778535813465.json
[cea] wall-time cap hit after 1 generations (conv_count=300 not reached)
[cea] wall-time cap hit after 1 generations (conv_count=300 not reached)
[cea] wall-time cap hit after 1 generations (conv_count=300 not reached)
Processing problems/100_500/5_1778535813465.json
[cea] wall-time cap hit after 1 generations (conv_count=300 not reached)
[cea] wall-time cap hit after 1 generations (conv_count=300 not reached)
[cea] wall-time cap hit after 1 generations (conv_count=300 not reached)
Processing problems/100_500/4_1778535813465.json
[cea] wall-time cap hit after 1 generations (conv_count=300 not reached)
[cea] wall-time cap hit after 1 generations (conv_count=300 not reached)
[cea] wall-time cap hit after 1 generations (conv_count=300 not reached)
Processing problems/100_500/3_1778535813465.json
[cea] wall-time cap hit after 1 generations (conv_count=300 not reached)
[cea] wall-time cap hit after 1 generations (conv_count=300 not reached)
[cea] wall-time cap hit after 1 generations (conv_count=300 not reached)
Processing problems/100_500/2_1778535813465.json
[cea] wall-time cap hit after 1 generations (conv_count=300 not reached)
[cea] wall-time cap hit after 1 generations (conv_count=300 not reached)
[cea] wall-time cap hit after 1 generations (conv_count=300 not reached)
Processing problems/100_500/1_1778535813465.json
[cea] wall-time cap hit after 1 generations (conv_count=300 not reached)
[cea] wall-time cap hit after 1 generations (conv_count=300 not reached)
[cea] wall-time cap hit after 1 generations (conv_count=300 not reached)
Processing problems/100_500/19_1778535813465.json
[cea] wall-time cap hit after 1 generations (conv_count=300 not reached)
[cea] wall-time cap hit after 1 generations (conv_count=300 not reached)
[cea] wall-time cap hit after 1 generations (conv_count=300 not reached)
Processing problems/100_500/18_1778535813465.json
[cea] wall-time cap hit after 1 generations (conv_count=300 not reached)
[cea] wall-time cap hit after 1 generations (conv_count=300 not reached)
[cea] wall-time cap hit after 1 generations (conv_count=300 not reached)
Processing problems/100_500/17_1778535813465.json
[cea] wall-time cap hit after 1 generations (conv_count=300 not reached)
[cea] wall-time cap hit after 1 generations (conv_count=300 not reached)
[cea] wall-time cap hit after 1 generations (conv_count=300 not reached)
Processing problems/100_500/16_1778535813465.json
[cea] wall-time cap hit after 1 generations (conv_count=300 not reached)
[cea] wall-time cap hit after 1 generations (conv_count=300 not reached)
[cea] wall-time cap hit after 1 generations (conv_count=300 not reached)
Processing problems/100_500/15_1778535813465.json
[cea] wall-time cap hit after 1 generations (conv_count=300 not reached)
[cea] wall-time cap hit after 1 generations (conv_count=300 not reached)
[cea] wall-time cap hit after 1 generations (conv_count=300 not reached)
Processing problems/100_500/14_1778535813465.json
[cea] wall-time cap hit after 1 generations (conv_count=300 not reached)
[cea] wall-time cap hit after 1 generations (conv_count=300 not reached)
[cea] wall-time cap hit after 1 generations (conv_count=300 not reached)
Processing problems/100_500/13_1778535813465.json
[cea] wall-time cap hit after 1 generations (conv_count=300 not reached)
[cea] wall-time cap hit after 1 generations (conv_count=300 not reached)
[cea] wall-time cap hit after 1 generations (conv_count=300 not reached)
Processing problems/100_500/12_1778535813465.json
[cea] wall-time cap hit after 1 generations (conv_count=300 not reached)
[cea] wall-time cap hit after 1 generations (conv_count=300 not reached)
[cea] wall-time cap hit after 1 generations (conv_count=300 not reached)
Processing problems/100_500/11_1778535813465.json
[cea] wall-time cap hit after 1 generations (conv_count=300 not reached)
[cea] wall-time cap hit after 1 generations (conv_count=300 not reached)
[cea] wall-time cap hit after 1 generations (conv_count=300 not reached)
Processing problems/100_500/10_1778535813465.json
[cea] wall-time cap hit after 1 generations (conv_count=300 not reached)
[cea] wall-time cap hit after 1 generations (conv_count=300 not reached)
[cea] wall-time cap hit after 1 generations (conv_count=300 not reached)
Processing problems/100_500/0_1778535813465.json
[cea] wall-time cap hit after 1 generations (conv_count=300 not reached)
[cea] wall-time cap hit after 1 generations (conv_count=300 not reached)
[cea] wall-time cap hit after 1 generations (conv_count=300 not reached)
Saved 60 records to benchmark-results-cea-rust.json
[R05] 100_500 pass complete, copying results...
[R05] Results saved to /Users/srv/Git/KDP-Algoritmai/results/R05-100_500
[R05] All classes restored.
[R05] All passes complete. Per-class results under results/R05-*/
[R05] Full log: /Users/srv/Git/KDP-Algoritmai/results/R05-2026-05-12.log
